Command line invocation:
    /Applications/Xcode.app/Contents/Developer/usr/bin/xcodebuild -scheme LoanManagementSystem -destination "platform=iOS Simulator,name=iPhone 17" build

Resolve Package Graph


Resolved source packages:
  swift-clocks: https://github.com/pointfreeco/swift-clocks @ 1.0.6
  xctest-dynamic-overlay: https://github.com/pointfreeco/xctest-dynamic-overlay @ 1.9.0
  swift-crypto: https://github.com/apple/swift-crypto.git @ 4.5.0
  swift-concurrency-extras: https://github.com/pointfreeco/swift-concurrency-extras @ 1.3.2
  Supabase: https://github.com/supabase/supabase-swift @ 2.46.0
  swift-http-types: https://github.com/apple/swift-http-types.git @ 1.5.1
  swift-asn1: https://github.com/apple/swift-asn1.git @ 1.7.0

ComputePackagePrebuildTargetDependencyGraph

Prepare packages

CreateBuildRequest

SendProjectDescription

CreateBuildOperation

ComputeTargetDependencyGraph
note: Building targets in dependency order
note: Target dependency graph (28 targets)
    Target 'LoanManagementSystem' in project 'LoanManagementSystem'
        ➜ Explicit dependency on target 'PostgREST' in project 'Supabase'
        ➜ Explicit dependency on target 'Functions' in project 'Supabase'
        ➜ Explicit dependency on target 'Supabase' in project 'Supabase'
        ➜ Explicit dependency on target 'Auth' in project 'Supabase'
        ➜ Explicit dependency on target 'Storage' in project 'Supabase'
        ➜ Explicit dependency on target 'Realtime' in project 'Supabase'
    Target 'Realtime' in project 'Supabase'
        ➜ Explicit dependency on target 'Realtime' in project 'Supabase'
        ➜ Explicit dependency on target 'Helpers' in project 'Supabase'
        ➜ Explicit dependency on target 'ConcurrencyExtras' in project 'swift-concurrency-extras'
        ➜ Explicit dependency on target 'HTTPTypes' in project 'swift-http-types'
        ➜ Explicit dependency on target 'Clocks' in project 'swift-clocks'
        ➜ Explicit dependency on target 'XCTestDynamicOverlay' in project 'xctest-dynamic-overlay'
        ➜ Explicit dependency on target 'IssueReporting' in project 'xctest-dynamic-overlay'
    Target 'Storage' in project 'Supabase'
        ➜ Explicit dependency on target 'Storage' in project 'Supabase'
        ➜ Explicit dependency on target 'Helpers' in project 'Supabase'
        ➜ Explicit dependency on target 'ConcurrencyExtras' in project 'swift-concurrency-extras'
        ➜ Explicit dependency on target 'HTTPTypes' in project 'swift-http-types'
        ➜ Explicit dependency on target 'Clocks' in project 'swift-clocks'
        ➜ Explicit dependency on target 'XCTestDynamicOverlay' in project 'xctest-dynamic-overlay'
    Target 'Auth' in project 'Supabase'
        ➜ Explicit dependency on target 'Auth' in project 'Supabase'
        ➜ Explicit dependency on target 'Helpers' in project 'Supabase'
        ➜ Explicit dependency on target 'ConcurrencyExtras' in project 'swift-concurrency-extras'
        ➜ Explicit dependency on target 'HTTPTypes' in project 'swift-http-types'
        ➜ Explicit dependency on target 'Clocks' in project 'swift-clocks'
        ➜ Explicit dependency on target 'XCTestDynamicOverlay' in project 'xctest-dynamic-overlay'
        ➜ Explicit dependency on target 'Crypto' in project 'swift-crypto'
    Target 'Supabase' in project 'Supabase'
        ➜ Explicit dependency on target 'Supabase' in project 'Supabase'
        ➜ Explicit dependency on target 'Helpers' in project 'Supabase'
        ➜ Explicit dependency on target 'Auth' in project 'Supabase'
        ➜ Explicit dependency on target 'Functions' in project 'Supabase'
        ➜ Explicit dependency on target 'PostgREST' in project 'Supabase'
        ➜ Explicit dependency on target 'Realtime' in project 'Supabase'
        ➜ Explicit dependency on target 'Storage' in project 'Supabase'
        ➜ Explicit dependency on target 'ConcurrencyExtras' in project 'swift-concurrency-extras'
        ➜ Explicit dependency on target 'HTTPTypes' in project 'swift-http-types'
        ➜ Explicit dependency on target 'Clocks' in project 'swift-clocks'
        ➜ Explicit dependency on target 'XCTestDynamicOverlay' in project 'xctest-dynamic-overlay'
        ➜ Explicit dependency on target 'Crypto' in project 'swift-crypto'
        ➜ Explicit dependency on target 'IssueReporting' in project 'xctest-dynamic-overlay'
    Target 'Supabase' in project 'Supabase'
        ➜ Explicit dependency on target 'Helpers' in project 'Supabase'
        ➜ Explicit dependency on target 'Auth' in project 'Supabase'
        ➜ Explicit dependency on target 'Functions' in project 'Supabase'
        ➜ Explicit dependency on target 'PostgREST' in project 'Supabase'
        ➜ Explicit dependency on target 'Realtime' in project 'Supabase'
        ➜ Explicit dependency on target 'Storage' in project 'Supabase'
        ➜ Explicit dependency on target 'ConcurrencyExtras' in project 'swift-concurrency-extras'
        ➜ Explicit dependency on target 'HTTPTypes' in project 'swift-http-types'
        ➜ Explicit dependency on target 'Clocks' in project 'swift-clocks'
        ➜ Explicit dependency on target 'XCTestDynamicOverlay' in project 'xctest-dynamic-overlay'
        ➜ Explicit dependency on target 'Crypto' in project 'swift-crypto'
        ➜ Explicit dependency on target 'IssueReporting' in project 'xctest-dynamic-overlay'
    Target 'Storage' in project 'Supabase'
        ➜ Explicit dependency on target 'Helpers' in project 'Supabase'
        ➜ Explicit dependency on target 'ConcurrencyExtras' in project 'swift-concurrency-extras'
        ➜ Explicit dependency on target 'HTTPTypes' in project 'swift-http-types'
        ➜ Explicit dependency on target 'Clocks' in project 'swift-clocks'
        ➜ Explicit dependency on target 'XCTestDynamicOverlay' in project 'xctest-dynamic-overlay'
    Target 'Realtime' in project 'Supabase'
        ➜ Explicit dependency on target 'Helpers' in project 'Supabase'
        ➜ Explicit dependency on target 'ConcurrencyExtras' in project 'swift-concurrency-extras'
        ➜ Explicit dependency on target 'HTTPTypes' in project 'swift-http-types'
        ➜ Explicit dependency on target 'Clocks' in project 'swift-clocks'
        ➜ Explicit dependency on target 'XCTestDynamicOverlay' in project 'xctest-dynamic-overlay'
        ➜ Explicit dependency on target 'IssueReporting' in project 'xctest-dynamic-overlay'
    Target 'Auth' in project 'Supabase'
        ➜ Explicit dependency on target 'Helpers' in project 'Supabase'
        ➜ Explicit dependency on target 'ConcurrencyExtras' in project 'swift-concurrency-extras'
        ➜ Explicit dependency on target 'HTTPTypes' in project 'swift-http-types'
        ➜ Explicit dependency on target 'Clocks' in project 'swift-clocks'
        ➜ Explicit dependency on target 'XCTestDynamicOverlay' in project 'xctest-dynamic-overlay'
        ➜ Explicit dependency on target 'Crypto' in project 'swift-crypto'
    Target 'Crypto' in project 'swift-crypto'
        ➜ Explicit dependency on target 'Crypto' in project 'swift-crypto'
        ➜ Explicit dependency on target 'swift-crypto_Crypto' in project 'swift-crypto'
    Target 'Crypto' in project 'swift-crypto'
        ➜ Explicit dependency on target 'swift-crypto_Crypto' in project 'swift-crypto'
    Target 'swift-crypto_Crypto' in project 'swift-crypto' (no dependencies)
    Target 'Functions' in project 'Supabase'
        ➜ Explicit dependency on target 'Functions' in project 'Supabase'
        ➜ Explicit dependency on target 'Helpers' in project 'Supabase'
        ➜ Explicit dependency on target 'ConcurrencyExtras' in project 'swift-concurrency-extras'
        ➜ Explicit dependency on target 'HTTPTypes' in project 'swift-http-types'
        ➜ Explicit dependency on target 'Clocks' in project 'swift-clocks'
        ➜ Explicit dependency on target 'XCTestDynamicOverlay' in project 'xctest-dynamic-overlay'
    Target 'Functions' in project 'Supabase'
        ➜ Explicit dependency on target 'Helpers' in project 'Supabase'
        ➜ Explicit dependency on target 'ConcurrencyExtras' in project 'swift-concurrency-extras'
        ➜ Explicit dependency on target 'HTTPTypes' in project 'swift-http-types'
        ➜ Explicit dependency on target 'Clocks' in project 'swift-clocks'
        ➜ Explicit dependency on target 'XCTestDynamicOverlay' in project 'xctest-dynamic-overlay'
    Target 'PostgREST' in project 'Supabase'
        ➜ Explicit dependency on target 'PostgREST' in project 'Supabase'
        ➜ Explicit dependency on target 'Helpers' in project 'Supabase'
        ➜ Explicit dependency on target 'ConcurrencyExtras' in project 'swift-concurrency-extras'
        ➜ Explicit dependency on target 'HTTPTypes' in project 'swift-http-types'
        ➜ Explicit dependency on target 'Clocks' in project 'swift-clocks'
        ➜ Explicit dependency on target 'XCTestDynamicOverlay' in project 'xctest-dynamic-overlay'
    Target 'PostgREST' in project 'Supabase'
        ➜ Explicit dependency on target 'Helpers' in project 'Supabase'
        ➜ Explicit dependency on target 'ConcurrencyExtras' in project 'swift-concurrency-extras'
        ➜ Explicit dependency on target 'HTTPTypes' in project 'swift-http-types'
        ➜ Explicit dependency on target 'Clocks' in project 'swift-clocks'
        ➜ Explicit dependency on target 'XCTestDynamicOverlay' in project 'xctest-dynamic-overlay'
    Target 'Helpers' in project 'Supabase'
        ➜ Explicit dependency on target 'ConcurrencyExtras' in project 'swift-concurrency-extras'
        ➜ Explicit dependency on target 'HTTPTypes' in project 'swift-http-types'
        ➜ Explicit dependency on target 'Clocks' in project 'swift-clocks'
        ➜ Explicit dependency on target 'XCTestDynamicOverlay' in project 'xctest-dynamic-overlay'
    Target 'XCTestDynamicOverlay' in project 'xctest-dynamic-overlay'
        ➜ Explicit dependency on target 'XCTestDynamicOverlay' in project 'xctest-dynamic-overlay'
        ➜ Explicit dependency on target 'IssueReportingPackageSupport' in project 'xctest-dynamic-overlay'
        ➜ Explicit dependency on target 'IssueReporting' in project 'xctest-dynamic-overlay'
    Target 'XCTestDynamicOverlay' in project 'xctest-dynamic-overlay'
        ➜ Explicit dependency on target 'IssueReportingPackageSupport' in project 'xctest-dynamic-overlay'
        ➜ Explicit dependency on target 'IssueReporting' in project 'xctest-dynamic-overlay'
    Target 'Clocks' in project 'swift-clocks'
        ➜ Explicit dependency on target 'Clocks' in project 'swift-clocks'
        ➜ Explicit dependency on target 'ConcurrencyExtras' in project 'swift-concurrency-extras'
        ➜ Explicit dependency on target 'IssueReporting' in project 'xctest-dynamic-overlay'
    Target 'Clocks' in project 'swift-clocks'
        ➜ Explicit dependency on target 'ConcurrencyExtras' in project 'swift-concurrency-extras'
        ➜ Explicit dependency on target 'IssueReporting' in project 'xctest-dynamic-overlay'
    Target 'IssueReporting' in project 'xctest-dynamic-overlay'
        ➜ Explicit dependency on target 'IssueReporting' in project 'xctest-dynamic-overlay'
        ➜ Explicit dependency on target 'IssueReportingPackageSupport' in project 'xctest-dynamic-overlay'
    Target 'IssueReporting' in project 'xctest-dynamic-overlay'
        ➜ Explicit dependency on target 'IssueReportingPackageSupport' in project 'xctest-dynamic-overlay'
    Target 'IssueReportingPackageSupport' in project 'xctest-dynamic-overlay' (no dependencies)
    Target 'HTTPTypes' in project 'swift-http-types'
        ➜ Explicit dependency on target 'HTTPTypes' in project 'swift-http-types'
    Target 'HTTPTypes' in project 'swift-http-types' (no dependencies)
    Target 'ConcurrencyExtras' in project 'swift-concurrency-extras'
        ➜ Explicit dependency on target 'ConcurrencyExtras' in project 'swift-concurrency-extras'
    Target 'ConcurrencyExtras' in project 'swift-concurrency-extras' (no dependencies)

GatherProvisioningInputs

CreateBuildDescription

ExecuteExternalTool /Applications/Xcode.app/Contents/Developer/Toolchains/XcodeDefault.xctoolchain/usr/bin/swiftc --version

ExecuteExternalTool /Applications/Xcode.app/Contents/Developer/Toolchains/XcodeDefault.xctoolchain/usr/bin/clang -v -E -dM -isysroot /Applications/Xcode.app/Contents/Developer/Platforms/iPhoneSimulator.platform/Developer/SDKs/iPhoneSimulator26.5.sdk -x c -c /dev/null

ExecuteExternalTool /Applications/Xcode.app/Contents/Developer/usr/bin/actool --print-asset-tag-combinations --output-format xml1 /Users/ujjwalmac/Documents/GitHub/LoanManagementSystem/LoanManagementSystem/Assets.xcassets

ExecuteExternalTool /Applications/Xcode.app/Contents/Developer/usr/bin/actool --version --output-format xml1

ExecuteExternalTool /Applications/Xcode.app/Contents/Developer/Toolchains/XcodeDefault.xctoolchain/usr/bin/ld -version_details

ReadFileContents /Applications/Xcode.app/Contents/Developer/Toolchains/XcodeDefault.xctoolchain/usr/share/docc/features.json

Build description signature: 1f0664f61ecd11d7e4788f45cefe155e
Build description path: /Users/ujjwalmac/Library/Developer/Xcode/DerivedData/LoanManagementSystem-agttxrbamrjfzwfoqrfufnvgejxy/Build/Intermediates.noindex/XCBuildData/1f0664f61ecd11d7e4788f45cefe155e.xcbuilddata
ClangStatCache /Applications/Xcode.app/Contents/Developer/Toolchains/XcodeDefault.xctoolchain/usr/bin/clang-stat-cache /Applications/Xcode.app/Contents/Developer/Platforms/iPhoneSimulator.platform/Developer/SDKs/iPhoneSimulator26.5.sdk /Users/ujjwalmac/Library/Developer/Xcode/DerivedData/SDKStatCaches.noindex/iphonesimulator26.5-23F73-6cfe768891a92b912361537c460fe42b.sdkstatcache
    cd /Users/ujjwalmac/Documents/GitHub/LoanManagementSystem/LoanManagementSystem.xcodeproj
    /Applications/Xcode.app/Contents/Developer/Toolchains/XcodeDefault.xctoolchain/usr/bin/clang-stat-cache /Applications/Xcode.app/Contents/Developer/Platforms/iPhoneSimulator.platform/Developer/SDKs/iPhoneSimulator26.5.sdk -o /Users/ujjwalmac/Library/Developer/Xcode/DerivedData/SDKStatCaches.noindex/iphonesimulator26.5-23F73-6cfe768891a92b912361537c460fe42b.sdkstatcache

ProcessInfoPlistFile /Users/ujjwalmac/Library/Developer/Xcode/DerivedData/LoanManagementSystem-agttxrbamrjfzwfoqrfufnvgejxy/Build/Products/Debug-iphonesimulator/swift-crypto_Crypto.bundle/Info.plist /Users/ujjwalmac/Library/Developer/Xcode/DerivedData/LoanManagementSystem-agttxrbamrjfzwfoqrfufnvgejxy/Build/Intermediates.noindex/swift-crypto.build/Debug-iphonesimulator/swift-crypto_Crypto.build/empty-swift-crypto_Crypto.plist (in target 'swift-crypto_Crypto' from project 'swift-crypto')
    cd /Users/ujjwalmac/Library/Developer/Xcode/DerivedData/LoanManagementSystem-agttxrbamrjfzwfoqrfufnvgejxy/SourcePackages/checkouts/swift-crypto
    builtin-infoPlistUtility /Users/ujjwalmac/Library/Developer/Xcode/DerivedData/LoanManagementSystem-agttxrbamrjfzwfoqrfufnvgejxy/Build/Intermediates.noindex/swift-crypto.build/Debug-iphonesimulator/swift-crypto_Crypto.build/empty-swift-crypto_Crypto.plist -producttype com.apple.product-type.bundle -expandbuildsettings -format binary -platform iphonesimulator -o /Users/ujjwalmac/Library/Developer/Xcode/DerivedData/LoanManagementSystem-agttxrbamrjfzwfoqrfufnvgejxy/Build/Products/Debug-iphonesimulator/swift-crypto_Crypto.bundle/Info.plist

note: Disabling hardened runtime with ad-hoc codesigning. (in target 'LoanManagementSystem' from project 'LoanManagementSystem')
Copy /Users/ujjwalmac/Library/Developer/Xcode/DerivedData/LoanManagementSystem-agttxrbamrjfzwfoqrfufnvgejxy/Build/Products/Debug-iphonesimulator/LoanManagementSystem.app/swift-crypto_Crypto.bundle /Users/ujjwalmac/Library/Developer/Xcode/DerivedData/LoanManagementSystem-agttxrbamrjfzwfoqrfufnvgejxy/Build/Products/Debug-iphonesimulator/swift-crypto_Crypto.bundle (in target 'LoanManagementSystem' from project 'LoanManagementSystem')
    cd /Users/ujjwalmac/Documents/GitHub/LoanManagementSystem
    builtin-copy -exclude .DS_Store -exclude CVS -exclude .svn -exclude .git -exclude .hg -resolve-src-symlinks /Users/ujjwalmac/Library/Developer/Xcode/DerivedData/LoanManagementSystem-agttxrbamrjfzwfoqrfufnvgejxy/Build/Products/Debug-iphonesimulator/swift-crypto_Crypto.bundle /Users/ujjwalmac/Library/Developer/Xcode/DerivedData/LoanManagementSystem-agttxrbamrjfzwfoqrfufnvgejxy/Build/Products/Debug-iphonesimulator/LoanManagementSystem.app

ProcessInfoPlistFile /Users/ujjwalmac/Library/Developer/Xcode/DerivedData/LoanManagementSystem-agttxrbamrjfzwfoqrfufnvgejxy/Build/Products/Debug-iphonesimulator/LoanManagementSystem.app/Info.plist /Users/ujjwalmac/Documents/GitHub/LoanManagementSystem/LoanManagementSystem/Info.plist (in target 'LoanManagementSystem' from project 'LoanManagementSystem')
    cd /Users/ujjwalmac/Documents/GitHub/LoanManagementSystem
    builtin-infoPlistUtility /Users/ujjwalmac/Documents/GitHub/LoanManagementSystem/LoanManagementSystem/Info.plist -producttype com.apple.product-type.application -genpkginfo /Users/ujjwalmac/Library/Developer/Xcode/DerivedData/LoanManagementSystem-agttxrbamrjfzwfoqrfufnvgejxy/Build/Products/Debug-iphonesimulator/LoanManagementSystem.app/PkgInfo -expandbuildsettings -format binary -platform iphonesimulator -additionalcontentfile /Users/ujjwalmac/Library/Developer/Xcode/DerivedData/LoanManagementSystem-agttxrbamrjfzwfoqrfufnvgejxy/Build/Intermediates.noindex/LoanManagementSystem.build/Debug-iphonesimulator/LoanManagementSystem.build/assetcatalog_generated_info.plist -scanforprivacyfile /Users/ujjwalmac/Library/Developer/Xcode/DerivedData/LoanManagementSystem-agttxrbamrjfzwfoqrfufnvgejxy/Build/Products/Debug-iphonesimulator/LoanManagementSystem.app/swift-crypto_Crypto.bundle -o /Users/ujjwalmac/Library/Developer/Xcode/DerivedData/LoanManagementSystem-agttxrbamrjfzwfoqrfufnvgejxy/Build/Products/Debug-iphonesimulator/LoanManagementSystem.app/Info.plist

CopySwiftLibs /Users/ujjwalmac/Library/Developer/Xcode/DerivedData/LoanManagementSystem-agttxrbamrjfzwfoqrfufnvgejxy/Build/Products/Debug-iphonesimulator/LoanManagementSystem.app (in target 'LoanManagementSystem' from project 'LoanManagementSystem')
    cd /Users/ujjwalmac/Documents/GitHub/LoanManagementSystem
    builtin-swiftStdLibTool --copy --verbose --sign - --scan-executable /Users/ujjwalmac/Library/Developer/Xcode/DerivedData/LoanManagementSystem-agttxrbamrjfzwfoqrfufnvgejxy/Build/Products/Debug-iphonesimulator/LoanManagementSystem.app/LoanManagementSystem.debug.dylib --scan-folder /Users/ujjwalmac/Library/Developer/Xcode/DerivedData/LoanManagementSystem-agttxrbamrjfzwfoqrfufnvgejxy/Build/Products/Debug-iphonesimulator/LoanManagementSystem.app/Frameworks --scan-folder /Users/ujjwalmac/Library/Developer/Xcode/DerivedData/LoanManagementSystem-agttxrbamrjfzwfoqrfufnvgejxy/Build/Products/Debug-iphonesimulator/LoanManagementSystem.app/PlugIns --scan-folder /Users/ujjwalmac/Library/Developer/Xcode/DerivedData/LoanManagementSystem-agttxrbamrjfzwfoqrfufnvgejxy/Build/Products/Debug-iphonesimulator/LoanManagementSystem.app/SystemExtensions --scan-folder /Users/ujjwalmac/Library/Developer/Xcode/DerivedData/LoanManagementSystem-agttxrbamrjfzwfoqrfufnvgejxy/Build/Products/Debug-iphonesimulator/LoanManagementSystem.app/Extensions --platform iphonesimulator --toolchain /Applications/Xcode.app/Contents/Developer/Toolchains/XcodeDefault.xctoolchain --destination /Users/ujjwalmac/Library/Developer/Xcode/DerivedData/LoanManagementSystem-agttxrbamrjfzwfoqrfufnvgejxy/Build/Products/Debug-iphonesimulator/LoanManagementSystem.app/Frameworks --strip-bitcode --strip-bitcode-tool /Applications/Xcode.app/Contents/Developer/Toolchains/XcodeDefault.xctoolchain/usr/bin/bitcode_strip --emit-dependency-info /Users/ujjwalmac/Library/Developer/Xcode/DerivedData/LoanManagementSystem-agttxrbamrjfzwfoqrfufnvgejxy/Build/Intermediates.noindex/LoanManagementSystem.build/Debug-iphonesimulator/LoanManagementSystem.build/SwiftStdLibToolInputDependencies.dep --filter-for-swift-os

** BUILD SUCCEEDED **

