Command line invocation:
    /Applications/Xcode.app/Contents/Developer/usr/bin/xcodebuild build -project LoanManagementSystem.xcodeproj -scheme LoanManagementSystem -destination "platform=iOS Simulator,name=iPhone 17 Pro"

2026-05-22 11:11:17.809 xcodebuild[33096:561741] [MT] IDERunDestination: Supported platforms for the buildables in the current scheme is empty.
ComputePackagePrebuildTargetDependencyGraph

Prepare packages

CreateBuildRequest

SendProjectDescription

CreateBuildOperation

ComputeTargetDependencyGraph
note: Building targets in dependency order
note: Target dependency graph (1 target)
    Target 'LoanManagementSystem' in project 'LoanManagementSystem' (no dependencies)

GatherProvisioningInputs

CreateBuildDescription

ExecuteExternalTool /Applications/Xcode.app/Contents/Developer/Toolchains/XcodeDefault.xctoolchain/usr/bin/clang -v -E -dM -isysroot /Applications/Xcode.app/Contents/Developer/Platforms/iPhoneSimulator.platform/Developer/SDKs/iPhoneSimulator26.5.sdk -x c -c /dev/null

ExecuteExternalTool /Applications/Xcode.app/Contents/Developer/usr/bin/actool --print-asset-tag-combinations --output-format xml1 /Users/abhinav/Desktop/Amit/LMS/LoanManagementSystem/LoanManagementSystem/Assets.xcassets

ExecuteExternalTool /Applications/Xcode.app/Contents/Developer/usr/bin/actool --version --output-format xml1

ExecuteExternalTool /Applications/Xcode.app/Contents/Developer/Toolchains/XcodeDefault.xctoolchain/usr/bin/swiftc --version

ExecuteExternalTool /Applications/Xcode.app/Contents/Developer/Toolchains/XcodeDefault.xctoolchain/usr/bin/ld -version_details

Build description signature: e4ab9cdbc7666822191207c9f9d0e894
Build description path: /Users/abhinav/Library/Developer/Xcode/DerivedData/LoanManagementSystem-efuqawzlonjiaqazoihpohltaefw/Build/Intermediates.noindex/XCBuildData/e4ab9cdbc7666822191207c9f9d0e894.xcbuilddata
ClangStatCache /Applications/Xcode.app/Contents/Developer/Toolchains/XcodeDefault.xctoolchain/usr/bin/clang-stat-cache /Applications/Xcode.app/Contents/Developer/Platforms/iPhoneSimulator.platform/Developer/SDKs/iPhoneSimulator26.5.sdk /Users/abhinav/Library/Developer/Xcode/DerivedData/SDKStatCaches.noindex/iphonesimulator26.5-23F73-6cfe768891a92b912361537c460fe42b.sdkstatcache
    cd /Users/abhinav/Desktop/Amit/LMS/LoanManagementSystem/LoanManagementSystem.xcodeproj
    /Applications/Xcode.app/Contents/Developer/Toolchains/XcodeDefault.xctoolchain/usr/bin/clang-stat-cache /Applications/Xcode.app/Contents/Developer/Platforms/iPhoneSimulator.platform/Developer/SDKs/iPhoneSimulator26.5.sdk -o /Users/abhinav/Library/Developer/Xcode/DerivedData/SDKStatCaches.noindex/iphonesimulator26.5-23F73-6cfe768891a92b912361537c460fe42b.sdkstatcache

ProcessInfoPlistFile /Users/abhinav/Library/Developer/Xcode/DerivedData/LoanManagementSystem-efuqawzlonjiaqazoihpohltaefw/Build/Products/Debug-iphonesimulator/LoanManagementSystem.app/Info.plist /Users/abhinav/Library/Developer/Xcode/DerivedData/LoanManagementSystem-efuqawzlonjiaqazoihpohltaefw/Build/Intermediates.noindex/LoanManagementSystem.build/Debug-iphonesimulator/LoanManagementSystem.build/empty-LoanManagementSystem.plist (in target 'LoanManagementSystem' from project 'LoanManagementSystem')
    cd /Users/abhinav/Desktop/Amit/LMS/LoanManagementSystem
    builtin-infoPlistUtility /Users/abhinav/Library/Developer/Xcode/DerivedData/LoanManagementSystem-efuqawzlonjiaqazoihpohltaefw/Build/Intermediates.noindex/LoanManagementSystem.build/Debug-iphonesimulator/LoanManagementSystem.build/empty-LoanManagementSystem.plist -producttype com.apple.product-type.application -genpkginfo /Users/abhinav/Library/Developer/Xcode/DerivedData/LoanManagementSystem-efuqawzlonjiaqazoihpohltaefw/Build/Products/Debug-iphonesimulator/LoanManagementSystem.app/PkgInfo -expandbuildsettings -format binary -platform iphonesimulator -additionalcontentfile /Users/abhinav/Library/Developer/Xcode/DerivedData/LoanManagementSystem-efuqawzlonjiaqazoihpohltaefw/Build/Intermediates.noindex/LoanManagementSystem.build/Debug-iphonesimulator/LoanManagementSystem.build/assetcatalog_generated_info.plist -o /Users/abhinav/Library/Developer/Xcode/DerivedData/LoanManagementSystem-efuqawzlonjiaqazoihpohltaefw/Build/Products/Debug-iphonesimulator/LoanManagementSystem.app/Info.plist

SwiftDriver LoanManagementSystem normal arm64 com.apple.xcode.tools.swift.compiler (in target 'LoanManagementSystem' from project 'LoanManagementSystem')
    cd /Users/abhinav/Desktop/Amit/LMS/LoanManagementSystem
    builtin-SwiftDriver -- /Applications/Xcode.app/Contents/Developer/Toolchains/XcodeDefault.xctoolchain/usr/bin/swiftc -module-name LoanManagementSystem -Onone @/Users/abhinav/Library/Developer/Xcode/DerivedData/LoanManagementSystem-efuqawzlonjiaqazoihpohltaefw/Build/Intermediates.noindex/LoanManagementSystem.build/Debug-iphonesimulator/LoanManagementSystem.build/Objects-normal/arm64/LoanManagementSystem.SwiftFileList -DDEBUG -default-isolation\=MainActor -enable-bare-slash-regex -enable-upcoming-feature DisableOutwardActorInference -enable-upcoming-feature InferSendableFromCaptures -enable-upcoming-feature GlobalActorIsolatedTypesUsability -enable-upcoming-feature MemberImportVisibility -enable-upcoming-feature InferIsolatedConformances -enable-upcoming-feature NonisolatedNonsendingByDefault -enable-experimental-feature DebugDescriptionMacro -sdk /Applications/Xcode.app/Contents/Developer/Platforms/iPhoneSimulator.platform/Developer/SDKs/iPhoneSimulator26.5.sdk -target arm64-apple-ios26.5-simulator -g -module-cache-path /Users/abhinav/Library/Developer/Xcode/DerivedData/ModuleCache.noindex -Xfrontend -serialize-debugging-options -enable-testing -index-store-path /Users/abhinav/Library/Developer/Xcode/DerivedData/LoanManagementSystem-efuqawzlonjiaqazoihpohltaefw/Index.noindex/DataStore -Xcc -D_LIBCPP_HARDENING_MODE\=_LIBCPP_HARDENING_MODE_DEBUG -swift-version 5 -I /Users/abhinav/Library/Developer/Xcode/DerivedData/LoanManagementSystem-efuqawzlonjiaqazoihpohltaefw/Build/Products/Debug-iphonesimulator -F /Users/abhinav/Library/Developer/Xcode/DerivedData/LoanManagementSystem-efuqawzlonjiaqazoihpohltaefw/Build/Products/Debug-iphonesimulator -emit-localized-strings -emit-localized-strings-path /Users/abhinav/Library/Developer/Xcode/DerivedData/LoanManagementSystem-efuqawzlonjiaqazoihpohltaefw/Build/Intermediates.noindex/LoanManagementSystem.build/Debug-iphonesimulator/LoanManagementSystem.build/Objects-normal/arm64 -c -j8 -enable-batch-mode -incremental -Xcc -ivfsstatcache -Xcc /Users/abhinav/Library/Developer/Xcode/DerivedData/SDKStatCaches.noindex/iphonesimulator26.5-23F73-6cfe768891a92b912361537c460fe42b.sdkstatcache -output-file-map /Users/abhinav/Library/Developer/Xcode/DerivedData/LoanManagementSystem-efuqawzlonjiaqazoihpohltaefw/Build/Intermediates.noindex/LoanManagementSystem.build/Debug-iphonesimulator/LoanManagementSystem.build/Objects-normal/arm64/LoanManagementSystem-OutputFileMap.json -use-frontend-parseable-output -save-temps -no-color-diagnostics -explicit-module-build -module-cache-path /Users/abhinav/Library/Developer/Xcode/DerivedData/LoanManagementSystem-efuqawzlonjiaqazoihpohltaefw/Build/Intermediates.noindex/SwiftExplicitPrecompiledModules -clang-scanner-module-cache-path /Users/abhinav/Library/Developer/Xcode/DerivedData/ModuleCache.noindex -sdk-module-cache-path /Users/abhinav/Library/Developer/Xcode/DerivedData/ModuleCache.noindex -serialize-diagnostics -emit-dependencies -emit-module -emit-module-path /Users/abhinav/Library/Developer/Xcode/DerivedData/LoanManagementSystem-efuqawzlonjiaqazoihpohltaefw/Build/Intermediates.noindex/LoanManagementSystem.build/Debug-iphonesimulator/LoanManagementSystem.build/Objects-normal/arm64/LoanManagementSystem.swiftmodule -validate-clang-modules-once -clang-build-session-file /Users/abhinav/Library/Developer/Xcode/DerivedData/ModuleCache.noindex/Session.modulevalidation -Xcc -I/Users/abhinav/Library/Developer/Xcode/DerivedData/LoanManagementSystem-efuqawzlonjiaqazoihpohltaefw/Build/Intermediates.noindex/LoanManagementSystem.build/Debug-iphonesimulator/LoanManagementSystem.build/swift-overrides.hmap -emit-const-values -Xfrontend -const-gather-protocols-file -Xfrontend /Users/abhinav/Library/Developer/Xcode/DerivedData/LoanManagementSystem-efuqawzlonjiaqazoihpohltaefw/Build/Intermediates.noindex/LoanManagementSystem.build/Debug-iphonesimulator/LoanManagementSystem.build/Objects-normal/arm64/LoanManagementSystem_const_extract_protocols.json -Xcc -iquote -Xcc /Users/abhinav/Library/Developer/Xcode/DerivedData/LoanManagementSystem-efuqawzlonjiaqazoihpohltaefw/Build/Intermediates.noindex/LoanManagementSystem.build/Debug-iphonesimulator/LoanManagementSystem.build/LoanManagementSystem-generated-files.hmap -Xcc -I/Users/abhinav/Library/Developer/Xcode/DerivedData/LoanManagementSystem-efuqawzlonjiaqazoihpohltaefw/Build/Intermediates.noindex/LoanManagementSystem.build/Debug-iphonesimulator/LoanManagementSystem.build/LoanManagementSystem-own-target-headers.hmap -Xcc -I/Users/abhinav/Library/Developer/Xcode/DerivedData/LoanManagementSystem-efuqawzlonjiaqazoihpohltaefw/Build/Intermediates.noindex/LoanManagementSystem.build/Debug-iphonesimulator/LoanManagementSystem.build/LoanManagementSystem-all-target-headers.hmap -Xcc -iquote -Xcc /Users/abhinav/Library/Developer/Xcode/DerivedData/LoanManagementSystem-efuqawzlonjiaqazoihpohltaefw/Build/Intermediates.noindex/LoanManagementSystem.build/Debug-iphonesimulator/LoanManagementSystem.build/LoanManagementSystem-project-headers.hmap -Xcc -I/Users/abhinav/Library/Developer/Xcode/DerivedData/LoanManagementSystem-efuqawzlonjiaqazoihpohltaefw/Build/Products/Debug-iphonesimulator/include -Xcc -I/Users/abhinav/Library/Developer/Xcode/DerivedData/LoanManagementSystem-efuqawzlonjiaqazoihpohltaefw/Build/Intermediates.noindex/LoanManagementSystem.build/Debug-iphonesimulator/LoanManagementSystem.build/DerivedSources-normal/arm64 -Xcc -I/Users/abhinav/Library/Developer/Xcode/DerivedData/LoanManagementSystem-efuqawzlonjiaqazoihpohltaefw/Build/Intermediates.noindex/LoanManagementSystem.build/Debug-iphonesimulator/LoanManagementSystem.build/DerivedSources/arm64 -Xcc -I/Users/abhinav/Library/Developer/Xcode/DerivedData/LoanManagementSystem-efuqawzlonjiaqazoihpohltaefw/Build/Intermediates.noindex/LoanManagementSystem.build/Debug-iphonesimulator/LoanManagementSystem.build/DerivedSources -Xcc -DDEBUG\=1 -emit-objc-header -emit-objc-header-path /Users/abhinav/Library/Developer/Xcode/DerivedData/LoanManagementSystem-efuqawzlonjiaqazoihpohltaefw/Build/Intermediates.noindex/LoanManagementSystem.build/Debug-iphonesimulator/LoanManagementSystem.build/Objects-normal/arm64/LoanManagementSystem-Swift.h -working-directory /Users/abhinav/Desktop/Amit/LMS/LoanManagementSystem -experimental-emit-module-separately -disable-cmo

SwiftCompile normal arm64 Compiling\ SectionCardView.swift,\ StatusBadgeView.swift,\ CheckboxView.swift,\ CustomTextField.swift,\ PasswordStrengthView.swift,\ PrimaryButton.swift,\ SecureInputField.swift,\ ActivityFeedRow.swift,\ ActivityFeedView.swift,\ ChatsFeedTabView.swift,\ DashboardTabView.swift,\ DocumentQueueView.swift /Users/abhinav/Desktop/Amit/LMS/LoanManagementSystem/LoanManagementSystem/Components/Profile/SectionCardView.swift /Users/abhinav/Desktop/Amit/LMS/LoanManagementSystem/LoanManagementSystem/Components/Profile/StatusBadgeView.swift /Users/abhinav/Desktop/Amit/LMS/LoanManagementSystem/LoanManagementSystem/Components/CheckboxView.swift /Users/abhinav/Desktop/Amit/LMS/LoanManagementSystem/LoanManagementSystem/Components/CustomTextField.swift /Users/abhinav/Desktop/Amit/LMS/LoanManagementSystem/LoanManagementSystem/Components/PasswordStrengthView.swift /Users/abhinav/Desktop/Amit/LMS/LoanManagementSystem/LoanManagementSystem/Components/PrimaryButton.swift /Users/abhinav/Desktop/Amit/LMS/LoanManagementSystem/LoanManagementSystem/Components/SecureInputField.swift /Users/abhinav/Desktop/Amit/LMS/LoanManagementSystem/LoanManagementSystem/LoanOfficerModule/Dashboard/ActivityFeedRow.swift /Users/abhinav/Desktop/Amit/LMS/LoanManagementSystem/LoanManagementSystem/LoanOfficerModule/Dashboard/ActivityFeedView.swift /Users/abhinav/Desktop/Amit/LMS/LoanManagementSystem/LoanManagementSystem/LoanOfficerModule/Dashboard/ChatsFeedTabView.swift /Users/abhinav/Desktop/Amit/LMS/LoanManagementSystem/LoanManagementSystem/LoanOfficerModule/Dashboard/DashboardTabView.swift /Users/abhinav/Desktop/Amit/LMS/LoanManagementSystem/LoanManagementSystem/LoanOfficerModule/Dashboard/DocumentQueueView.swift (in target 'LoanManagementSystem' from project 'LoanManagementSystem')

SwiftCompile normal arm64 /Users/abhinav/Desktop/Amit/LMS/LoanManagementSystem/LoanManagementSystem/Components/Profile/SectionCardView.swift (in target 'LoanManagementSystem' from project 'LoanManagementSystem')
    cd /Users/abhinav/Desktop/Amit/LMS/LoanManagementSystem
    

SwiftCompile normal arm64 /Users/abhinav/Desktop/Amit/LMS/LoanManagementSystem/LoanManagementSystem/Components/Profile/StatusBadgeView.swift (in target 'LoanManagementSystem' from project 'LoanManagementSystem')
    cd /Users/abhinav/Desktop/Amit/LMS/LoanManagementSystem
    

SwiftCompile normal arm64 /Users/abhinav/Desktop/Amit/LMS/LoanManagementSystem/LoanManagementSystem/Components/CheckboxView.swift (in target 'LoanManagementSystem' from project 'LoanManagementSystem')
    cd /Users/abhinav/Desktop/Amit/LMS/LoanManagementSystem
    

SwiftCompile normal arm64 /Users/abhinav/Desktop/Amit/LMS/LoanManagementSystem/LoanManagementSystem/Components/CustomTextField.swift (in target 'LoanManagementSystem' from project 'LoanManagementSystem')
    cd /Users/abhinav/Desktop/Amit/LMS/LoanManagementSystem
    

SwiftCompile normal arm64 /Users/abhinav/Desktop/Amit/LMS/LoanManagementSystem/LoanManagementSystem/Components/PasswordStrengthView.swift (in target 'LoanManagementSystem' from project 'LoanManagementSystem')
    cd /Users/abhinav/Desktop/Amit/LMS/LoanManagementSystem
    

SwiftCompile normal arm64 /Users/abhinav/Desktop/Amit/LMS/LoanManagementSystem/LoanManagementSystem/Components/PrimaryButton.swift (in target 'LoanManagementSystem' from project 'LoanManagementSystem')
    cd /Users/abhinav/Desktop/Amit/LMS/LoanManagementSystem
    

SwiftCompile normal arm64 /Users/abhinav/Desktop/Amit/LMS/LoanManagementSystem/LoanManagementSystem/Components/SecureInputField.swift (in target 'LoanManagementSystem' from project 'LoanManagementSystem')
    cd /Users/abhinav/Desktop/Amit/LMS/LoanManagementSystem
    

SwiftCompile normal arm64 /Users/abhinav/Desktop/Amit/LMS/LoanManagementSystem/LoanManagementSystem/LoanOfficerModule/Dashboard/ActivityFeedRow.swift (in target 'LoanManagementSystem' from project 'LoanManagementSystem')
    cd /Users/abhinav/Desktop/Amit/LMS/LoanManagementSystem
    

SwiftCompile normal arm64 /Users/abhinav/Desktop/Amit/LMS/LoanManagementSystem/LoanManagementSystem/LoanOfficerModule/Dashboard/ActivityFeedView.swift (in target 'LoanManagementSystem' from project 'LoanManagementSystem')
    cd /Users/abhinav/Desktop/Amit/LMS/LoanManagementSystem
    

SwiftCompile normal arm64 /Users/abhinav/Desktop/Amit/LMS/LoanManagementSystem/LoanManagementSystem/LoanOfficerModule/Dashboard/ChatsFeedTabView.swift (in target 'LoanManagementSystem' from project 'LoanManagementSystem')
    cd /Users/abhinav/Desktop/Amit/LMS/LoanManagementSystem
    

SwiftCompile normal arm64 /Users/abhinav/Desktop/Amit/LMS/LoanManagementSystem/LoanManagementSystem/LoanOfficerModule/Dashboard/DashboardTabView.swift (in target 'LoanManagementSystem' from project 'LoanManagementSystem')
    cd /Users/abhinav/Desktop/Amit/LMS/LoanManagementSystem
    

SwiftCompile normal arm64 /Users/abhinav/Desktop/Amit/LMS/LoanManagementSystem/LoanManagementSystem/LoanOfficerModule/Dashboard/DocumentQueueView.swift (in target 'LoanManagementSystem' from project 'LoanManagementSystem')
    cd /Users/abhinav/Desktop/Amit/LMS/LoanManagementSystem
    

SwiftCompile normal arm64 Compiling\ AuthManager.swift,\ AuditModels.swift,\ BorrowerProfile.swift,\ BorrowerProfileStore.swift,\ CoreDomainModels.swift,\ Models.swift,\ SupportingModels.swift,\ UserModels.swift,\ DashboardViewModel.swift,\ CustomerInsightCardView.swift,\ DashboardDesignSystem.swift,\ DashboardView.swift /Users/abhinav/Desktop/Amit/LMS/LoanManagementSystem/LoanManagementSystem/Auth/AuthManager.swift /Users/abhinav/Desktop/Amit/LMS/LoanManagementSystem/LoanManagementSystem/Borrower/Dashboard/Models/AuditModels.swift /Users/abhinav/Desktop/Amit/LMS/LoanManagementSystem/LoanManagementSystem/Borrower/Dashboard/Models/BorrowerProfile.swift /Users/abhinav/Desktop/Amit/LMS/LoanManagementSystem/LoanManagementSystem/Borrower/Dashboard/Models/BorrowerProfileStore.swift /Users/abhinav/Desktop/Amit/LMS/LoanManagementSystem/LoanManagementSystem/Borrower/Dashboard/Models/CoreDomainModels.swift /Users/abhinav/Desktop/Amit/LMS/LoanManagementSystem/LoanManagementSystem/Borrower/Dashboard/Models/Models.swift /Users/abhinav/Desktop/Amit/LMS/LoanManagementSystem/LoanManagementSystem/Borrower/Dashboard/Models/SupportingModels.swift /Users/abhinav/Desktop/Amit/LMS/LoanManagementSystem/LoanManagementSystem/Borrower/Dashboard/Models/UserModels.swift /Users/abhinav/Desktop/Amit/LMS/LoanManagementSystem/LoanManagementSystem/Borrower/Dashboard/ViewModel/DashboardViewModel.swift /Users/abhinav/Desktop/Amit/LMS/LoanManagementSystem/LoanManagementSystem/Borrower/Dashboard/Views/CustomerInsightCardView.swift /Users/abhinav/Desktop/Amit/LMS/LoanManagementSystem/LoanManagementSystem/Borrower/Dashboard/Views/DashboardDesignSystem.swift /Users/abhinav/Desktop/Amit/LMS/LoanManagementSystem/LoanManagementSystem/Borrower/Dashboard/Views/DashboardView.swift (in target 'LoanManagementSystem' from project 'LoanManagementSystem')

SwiftCompile normal arm64 /Users/abhinav/Desktop/Amit/LMS/LoanManagementSystem/LoanManagementSystem/Auth/AuthManager.swift (in target 'LoanManagementSystem' from project 'LoanManagementSystem')
    cd /Users/abhinav/Desktop/Amit/LMS/LoanManagementSystem
    

SwiftCompile normal arm64 /Users/abhinav/Desktop/Amit/LMS/LoanManagementSystem/LoanManagementSystem/Borrower/Dashboard/Models/AuditModels.swift (in target 'LoanManagementSystem' from project 'LoanManagementSystem')
    cd /Users/abhinav/Desktop/Amit/LMS/LoanManagementSystem
    

SwiftCompile normal arm64 /Users/abhinav/Desktop/Amit/LMS/LoanManagementSystem/LoanManagementSystem/Borrower/Dashboard/Models/BorrowerProfile.swift (in target 'LoanManagementSystem' from project 'LoanManagementSystem')
    cd /Users/abhinav/Desktop/Amit/LMS/LoanManagementSystem
    

SwiftCompile normal arm64 /Users/abhinav/Desktop/Amit/LMS/LoanManagementSystem/LoanManagementSystem/Borrower/Dashboard/Models/BorrowerProfileStore.swift (in target 'LoanManagementSystem' from project 'LoanManagementSystem')
    cd /Users/abhinav/Desktop/Amit/LMS/LoanManagementSystem
    

SwiftCompile normal arm64 /Users/abhinav/Desktop/Amit/LMS/LoanManagementSystem/LoanManagementSystem/Borrower/Dashboard/Models/CoreDomainModels.swift (in target 'LoanManagementSystem' from project 'LoanManagementSystem')
    cd /Users/abhinav/Desktop/Amit/LMS/LoanManagementSystem
    

SwiftCompile normal arm64 /Users/abhinav/Desktop/Amit/LMS/LoanManagementSystem/LoanManagementSystem/Borrower/Dashboard/Models/Models.swift (in target 'LoanManagementSystem' from project 'LoanManagementSystem')
    cd /Users/abhinav/Desktop/Amit/LMS/LoanManagementSystem
    

SwiftCompile normal arm64 /Users/abhinav/Desktop/Amit/LMS/LoanManagementSystem/LoanManagementSystem/Borrower/Dashboard/Models/SupportingModels.swift (in target 'LoanManagementSystem' from project 'LoanManagementSystem')
    cd /Users/abhinav/Desktop/Amit/LMS/LoanManagementSystem
    

SwiftCompile normal arm64 /Users/abhinav/Desktop/Amit/LMS/LoanManagementSystem/LoanManagementSystem/Borrower/Dashboard/Models/UserModels.swift (in target 'LoanManagementSystem' from project 'LoanManagementSystem')
    cd /Users/abhinav/Desktop/Amit/LMS/LoanManagementSystem
    

SwiftCompile normal arm64 /Users/abhinav/Desktop/Amit/LMS/LoanManagementSystem/LoanManagementSystem/Borrower/Dashboard/ViewModel/DashboardViewModel.swift (in target 'LoanManagementSystem' from project 'LoanManagementSystem')
    cd /Users/abhinav/Desktop/Amit/LMS/LoanManagementSystem
    

SwiftCompile normal arm64 /Users/abhinav/Desktop/Amit/LMS/LoanManagementSystem/LoanManagementSystem/Borrower/Dashboard/Views/CustomerInsightCardView.swift (in target 'LoanManagementSystem' from project 'LoanManagementSystem')
    cd /Users/abhinav/Desktop/Amit/LMS/LoanManagementSystem
    

SwiftCompile normal arm64 /Users/abhinav/Desktop/Amit/LMS/LoanManagementSystem/LoanManagementSystem/Borrower/Dashboard/Views/DashboardDesignSystem.swift (in target 'LoanManagementSystem' from project 'LoanManagementSystem')
    cd /Users/abhinav/Desktop/Amit/LMS/LoanManagementSystem
    

SwiftCompile normal arm64 /Users/abhinav/Desktop/Amit/LMS/LoanManagementSystem/LoanManagementSystem/Borrower/Dashboard/Views/DashboardView.swift (in target 'LoanManagementSystem' from project 'LoanManagementSystem')
    cd /Users/abhinav/Desktop/Amit/LMS/LoanManagementSystem
    

SwiftCompile normal arm64 Compiling\ EMITrackerView.swift,\ PortfolioCardView.swift,\ SchemeCardView.swift,\ TransactionRowView.swift,\ LoanApplicationModels.swift,\ LoanApplicationViewModel.swift,\ LoanApplicationTabView.swift,\ MockData.swift,\ DataRowView.swift,\ DocumentUploadCardView.swift,\ LockedFieldRow.swift,\ ProfileHeaderView.swift /Users/abhinav/Desktop/Amit/LMS/LoanManagementSystem/LoanManagementSystem/Borrower/Dashboard/Views/EMITrackerView.swift /Users/abhinav/Desktop/Amit/LMS/LoanManagementSystem/LoanManagementSystem/Borrower/Dashboard/Views/PortfolioCardView.swift /Users/abhinav/Desktop/Amit/LMS/LoanManagementSystem/LoanManagementSystem/Borrower/Dashboard/Views/SchemeCardView.swift /Users/abhinav/Desktop/Amit/LMS/LoanManagementSystem/LoanManagementSystem/Borrower/Dashboard/Views/TransactionRowView.swift /Users/abhinav/Desktop/Amit/LMS/LoanManagementSystem/LoanManagementSystem/Borrower/LoanApplication/Models/LoanApplicationModels.swift /Users/abhinav/Desktop/Amit/LMS/LoanManagementSystem/LoanManagementSystem/Borrower/LoanApplication/ViewModel/LoanApplicationViewModel.swift /Users/abhinav/Desktop/Amit/LMS/LoanManagementSystem/LoanManagementSystem/Borrower/LoanApplication/Views/LoanApplicationTabView.swift /Users/abhinav/Desktop/Amit/LMS/LoanManagementSystem/LoanManagementSystem/Borrower/MockData.swift /Users/abhinav/Desktop/Amit/LMS/LoanManagementSystem/LoanManagementSystem/Components/Profile/DataRowView.swift /Users/abhinav/Desktop/Amit/LMS/LoanManagementSystem/LoanManagementSystem/Components/Profile/DocumentUploadCardView.swift /Users/abhinav/Desktop/Amit/LMS/LoanManagementSystem/LoanManagementSystem/Components/Profile/LockedFieldRow.swift /Users/abhinav/Desktop/Amit/LMS/LoanManagementSystem/LoanManagementSystem/Components/Profile/ProfileHeaderView.swift (in target 'LoanManagementSystem' from project 'LoanManagementSystem')
SwiftCompile normal arm64 /Users/abhinav/Desktop/Amit/LMS/LoanManagementSystem/LoanManagementSystem/Borrower/Dashboard/Views/EMITrackerView.swift (in target 'LoanManagementSystem' from project 'LoanManagementSystem')
    cd /Users/abhinav/Desktop/Amit/LMS/LoanManagementSystem
    

SwiftCompile normal arm64 /Users/abhinav/Desktop/Amit/LMS/LoanManagementSystem/LoanManagementSystem/Borrower/Dashboard/Views/PortfolioCardView.swift (in target 'LoanManagementSystem' from project 'LoanManagementSystem')
    cd /Users/abhinav/Desktop/Amit/LMS/LoanManagementSystem
    

SwiftCompile normal arm64 /Users/abhinav/Desktop/Amit/LMS/LoanManagementSystem/LoanManagementSystem/Borrower/Dashboard/Views/SchemeCardView.swift (in target 'LoanManagementSystem' from project 'LoanManagementSystem')
    cd /Users/abhinav/Desktop/Amit/LMS/LoanManagementSystem
    

SwiftCompile normal arm64 /Users/abhinav/Desktop/Amit/LMS/LoanManagementSystem/LoanManagementSystem/Borrower/Dashboard/Views/TransactionRowView.swift (in target 'LoanManagementSystem' from project 'LoanManagementSystem')
    cd /Users/abhinav/Desktop/Amit/LMS/LoanManagementSystem
    

SwiftCompile normal arm64 /Users/abhinav/Desktop/Amit/LMS/LoanManagementSystem/LoanManagementSystem/Borrower/LoanApplication/Models/LoanApplicationModels.swift (in target 'LoanManagementSystem' from project 'LoanManagementSystem')
    cd /Users/abhinav/Desktop/Amit/LMS/LoanManagementSystem
    

SwiftCompile normal arm64 /Users/abhinav/Desktop/Amit/LMS/LoanManagementSystem/LoanManagementSystem/Borrower/LoanApplication/ViewModel/LoanApplicationViewModel.swift (in target 'LoanManagementSystem' from project 'LoanManagementSystem')
    cd /Users/abhinav/Desktop/Amit/LMS/LoanManagementSystem
    

SwiftCompile normal arm64 /Users/abhinav/Desktop/Amit/LMS/LoanManagementSystem/LoanManagementSystem/Borrower/LoanApplication/Views/LoanApplicationTabView.swift (in target 'LoanManagementSystem' from project 'LoanManagementSystem')
    cd /Users/abhinav/Desktop/Amit/LMS/LoanManagementSystem
    

SwiftCompile normal arm64 /Users/abhinav/Desktop/Amit/LMS/LoanManagementSystem/LoanManagementSystem/Borrower/MockData.swift (in target 'LoanManagementSystem' from project 'LoanManagementSystem')
    cd /Users/abhinav/Desktop/Amit/LMS/LoanManagementSystem
    

SwiftCompile normal arm64 /Users/abhinav/Desktop/Amit/LMS/LoanManagementSystem/LoanManagementSystem/Components/Profile/DataRowView.swift (in target 'LoanManagementSystem' from project 'LoanManagementSystem')
    cd /Users/abhinav/Desktop/Amit/LMS/LoanManagementSystem
    

SwiftCompile normal arm64 /Users/abhinav/Desktop/Amit/LMS/LoanManagementSystem/LoanManagementSystem/Components/Profile/DocumentUploadCardView.swift (in target 'LoanManagementSystem' from project 'LoanManagementSystem')
    cd /Users/abhinav/Desktop/Amit/LMS/LoanManagementSystem
    

SwiftCompile normal arm64 /Users/abhinav/Desktop/Amit/LMS/LoanManagementSystem/LoanManagementSystem/Components/Profile/LockedFieldRow.swift (in target 'LoanManagementSystem' from project 'LoanManagementSystem')
    cd /Users/abhinav/Desktop/Amit/LMS/LoanManagementSystem
    

SwiftCompile normal arm64 /Users/abhinav/Desktop/Amit/LMS/LoanManagementSystem/LoanManagementSystem/Components/Profile/ProfileHeaderView.swift (in target 'LoanManagementSystem' from project 'LoanManagementSystem')
    cd /Users/abhinav/Desktop/Amit/LMS/LoanManagementSystem
    

SwiftEmitModule normal arm64 Emitting\ module\ for\ LoanManagementSystem (in target 'LoanManagementSystem' from project 'LoanManagementSystem')
Failed frontend command:
/Applications/Xcode.app/Contents/Developer/Toolchains/XcodeDefault.xctoolchain/usr/bin/swift-frontend -frontend -emit-module -experimental-skip-non-inlinable-function-bodies-without-types /Users/abhinav/Desktop/Amit/LMS/LoanManagementSystem/LoanManagementSystem/Auth/AuthManager.swift /Users/abhinav/Desktop/Amit/LMS/LoanManagementSystem/LoanManagementSystem/Borrower/Dashboard/Models/AuditModels.swift /Users/abhinav/Desktop/Amit/LMS/LoanManagementSystem/LoanManagementSystem/Borrower/Dashboard/Models/BorrowerProfile.swift /Users/abhinav/Desktop/Amit/LMS/LoanManagementSystem/LoanManagementSystem/Borrower/Dashboard/Models/BorrowerProfileStore.swift /Users/abhinav/Desktop/Amit/LMS/LoanManagementSystem/LoanManagementSystem/Borrower/Dashboard/Models/CoreDomainModels.swift /Users/abhinav/Desktop/Amit/LMS/LoanManagementSystem/LoanManagementSystem/Borrower/Dashboard/Models/Models.swift /Users/abhinav/Desktop/Amit/LMS/LoanManagementSystem/LoanManagementSystem/Borrower/Dashboard/Models/SupportingModels.swift /Users/abhinav/Desktop/Amit/LMS/LoanManagementSystem/LoanManagementSystem/Borrower/Dashboard/Models/UserModels.swift /Users/abhinav/Desktop/Amit/LMS/LoanManagementSystem/LoanManagementSystem/Borrower/Dashboard/ViewModel/DashboardViewModel.swift /Users/abhinav/Desktop/Amit/LMS/LoanManagementSystem/LoanManagementSystem/Borrower/Dashboard/Views/CustomerInsightCardView.swift /Users/abhinav/Desktop/Amit/LMS/LoanManagementSystem/LoanManagementSystem/Borrower/Dashboard/Views/DashboardDesignSystem.swift /Users/abhinav/Desktop/Amit/LMS/LoanManagementSystem/LoanManagementSystem/Borrower/Dashboard/Views/DashboardView.swift /Users/abhinav/Desktop/Amit/LMS/LoanManagementSystem/LoanManagementSystem/Borrower/Dashboard/Views/EMITrackerView.swift /Users/abhinav/Desktop/Amit/LMS/LoanManagementSystem/LoanManagementSystem/Borrower/Dashboard/Views/PortfolioCardView.swift /Users/abhinav/Desktop/Amit/LMS/LoanManagementSystem/LoanManagementSystem/Borrower/Dashboard/Views/SchemeCardView.swift /Users/abhinav/Desktop/Amit/LMS/LoanManagementSystem/LoanManagementSystem/Borrower/Dashboard/Views/TransactionRowView.swift /Users/abhinav/Desktop/Amit/LMS/LoanManagementSystem/LoanManagementSystem/Borrower/LoanApplication/Models/LoanApplicationModels.swift /Users/abhinav/Desktop/Amit/LMS/LoanManagementSystem/LoanManagementSystem/Borrower/LoanApplication/ViewModel/LoanApplicationViewModel.swift /Users/abhinav/Desktop/Amit/LMS/LoanManagementSystem/LoanManagementSystem/Borrower/LoanApplication/Views/LoanApplicationTabView.swift /Users/abhinav/Desktop/Amit/LMS/LoanManagementSystem/LoanManagementSystem/Borrower/MockData.swift /Users/abhinav/Desktop/Amit/LMS/LoanManagementSystem/LoanManagementSystem/Components/Profile/DataRowView.swift /Users/abhinav/Desktop/Amit/LMS/LoanManagementSystem/LoanManagementSystem/Components/Profile/DocumentUploadCardView.swift /Users/abhinav/Desktop/Amit/LMS/LoanManagementSystem/LoanManagementSystem/Components/Profile/LockedFieldRow.swift /Users/abhinav/Desktop/Amit/LMS/LoanManagementSystem/LoanManagementSystem/Components/Profile/ProfileHeaderView.swift /Users/abhinav/Desktop/Amit/LMS/LoanManagementSystem/LoanManagementSystem/Components/Profile/SectionCardView.swift /Users/abhinav/Desktop/Amit/LMS/LoanManagementSystem/LoanManagementSystem/Components/Profile/StatusBadgeView.swift /Users/abhinav/Desktop/Amit/LMS/LoanManagementSystem/LoanManagementSystem/Components/CheckboxView.swift /Users/abhinav/Desktop/Amit/LMS/LoanManagementSystem/LoanManagementSystem/Components/CustomTextField.swift /Users/abhinav/Desktop/Amit/LMS/LoanManagementSystem/LoanManagementSystem/Components/PasswordStrengthView.swift /Users/abhinav/Desktop/Amit/LMS/LoanManagementSystem/LoanManagementSystem/Components/PrimaryButton.swift /Users/abhinav/Desktop/Amit/LMS/LoanManagementSystem/LoanManagementSystem/Components/SecureInputField.swift /Users/abhinav/Desktop/Amit/LMS/LoanManagementSystem/LoanManagementSystem/LoanOfficerModule/Dashboard/ActivityFeedRow.swift /Users/abhinav/Desktop/Amit/LMS/LoanManagementSystem/LoanManagementSystem/LoanOfficerModule/Dashboard/ActivityFeedView.swift /Users/abhinav/Desktop/Amit/LMS/LoanManagementSystem/LoanManagementSystem/LoanOfficerModule/Dashboard/ChatsFeedTabView.swift /Users/abhinav/Desktop/Amit/LMS/LoanManagementSystem/LoanManagementSystem/LoanOfficerModule/Dashboard/DashboardTabView.swift /Users/abhinav/Desktop/Amit/LMS/LoanManagementSystem/LoanManagementSystem/LoanOfficerModule/Dashboard/DocumentQueueView.swift /Users/abhinav/Desktop/Amit/LMS/LoanManagementSystem/LoanManagementSystem/LoanOfficerModule/Dashboard/DocumentReviewDetailView.swift /Users/abhinav/Desktop/Amit/LMS/LoanManagementSystem/LoanManagementSystem/LoanOfficerModule/Dashboard/KPIGridView.swift /Users/abhinav/Desktop/Amit/LMS/LoanManagementSystem/LoanManagementSystem/LoanOfficerModule/Dashboard/LoanApplicationReviewDetailView.swift /Users/abhinav/Desktop/Amit/LMS/LoanManagementSystem/LoanManagementSystem/LoanOfficerModule/Dashboard/LoanHistoryRow.swift /Users/abhinav/Desktop/Amit/LMS/LoanManagementSystem/LoanManagementSystem/LoanOfficerModule/Dashboard/LoanHistoryTabView.swift /Users/abhinav/Desktop/Amit/LMS/LoanManagementSystem/LoanManagementSystem/LoanOfficerModule/Dashboard/LoanOfficerDashboardView.swift /Users/abhinav/Desktop/Amit/LMS/LoanManagementSystem/LoanManagementSystem/LoanOfficerModule/Dashboard/LoanOfficerDashboardViewModel.swift /Users/abhinav/Desktop/Amit/LMS/LoanManagementSystem/LoanManagementSystem/LoanOfficerModule/Dashboard/LoanOfficerMockData.swift /Users/abhinav/Desktop/Amit/LMS/LoanManagementSystem/LoanManagementSystem/LoanOfficerModule/Dashboard/LoanOfficerModels.swift /Users/abhinav/Desktop/Amit/LMS/LoanManagementSystem/LoanManagementSystem/LoanOfficerModule/Dashboard/LoanOfficerProfileView.swift /Users/abhinav/Desktop/Amit/LMS/LoanManagementSystem/LoanManagementSystem/LoanOfficerModule/Dashboard/PortfolioMetricsSheet.swift /Users/abhinav/Desktop/Amit/LMS/LoanManagementSystem/LoanManagementSystem/LoanOfficerModule/Dashboard/PortfolioSummaryCard.swift /Users/abhinav/Desktop/Amit/LMS/LoanManagementSystem/LoanManagementSystem/LoanOfficerModule/Dashboard/ProcessedLoansView.swift /Users/abhinav/Desktop/Amit/LMS/LoanManagementSystem/LoanManagementSystem/LoanOfficerModule/Dashboard/QuickActionRowView.swift /Users/abhinav/Desktop/Amit/LMS/LoanManagementSystem/LoanManagementSystem/LoanOfficerModule/Dashboard/QuickConsoleTabView.swift /Users/abhinav/Desktop/Amit/LMS/LoanManagementSystem/LoanManagementSystem/Services/AuthService.swift /Users/abhinav/Desktop/Amit/LMS/LoanManagementSystem/LoanManagementSystem/Services/DatabaseService.swift /Users/abhinav/Desktop/Amit/LMS/LoanManagementSystem/LoanManagementSystem/Services/StorageService.swift /Users/abhinav/Desktop/Amit/LMS/LoanManagementSystem/LoanManagementSystem/Services/SupabaseManager.swift /Users/abhinav/Desktop/Amit/LMS/LoanManagementSystem/LoanManagementSystem/Utilities/Theme.swift /Users/abhinav/Desktop/Amit/LMS/LoanManagementSystem/LoanManagementSystem/ViewModels/AppStateManager.swift /Users/abhinav/Desktop/Amit/LMS/LoanManagementSystem/LoanManagementSystem/ViewModels/BorrowerProfileViewModel.swift /Users/abhinav/Desktop/Amit/LMS/LoanManagementSystem/LoanManagementSystem/ViewModels/ForgotPasswordViewModel.swift /Users/abhinav/Desktop/Amit/LMS/LoanManagementSystem/LoanManagementSystem/ViewModels/SignInViewModel.swift /Users/abhinav/Desktop/Amit/LMS/LoanManagementSystem/LoanManagementSystem/ViewModels/SignUpViewModel.swift /Users/abhinav/Desktop/Amit/LMS/LoanManagementSystem/LoanManagementSystem/Views/EditForms/EditAdditionalInfoView.swift /Users/abhinav/Desktop/Amit/LMS/LoanManagementSystem/LoanManagementSystem/Views/EditForms/EditAddressInfoView.swift /Users/abhinav/Desktop/Amit/LMS/LoanManagementSystem/LoanManagementSystem/Views/EditForms/EditBankDetailsView.swift /Users/abhinav/Desktop/Amit/LMS/LoanManagementSystem/LoanManagementSystem/Views/EditForms/EditContactInfoView.swift /Users/abhinav/Desktop/Amit/LMS/LoanManagementSystem/LoanManagementSystem/Views/EditForms/EditEmploymentView.swift /Users/abhinav/Desktop/Amit/LMS/LoanManagementSystem/LoanManagementSystem/Views/EditForms/EditKYCView.swift /Users/abhinav/Desktop/Amit/LMS/LoanManagementSystem/LoanManagementSystem/Views/EditForms/EditLoanOverviewView.swift /Users/abhinav/Desktop/Amit/LMS/LoanManagementSystem/LoanManagementSystem/Views/EditForms/EditPersonalInfoView.swift /Users/abhinav/Desktop/Amit/LMS/LoanManagementSystem/LoanManagementSystem/Views/ProfileDetails/DocumentManagementDetailView.swift /Users/abhinav/Desktop/Amit/LMS/LoanManagementSystem/LoanManagementSystem/Views/ProfileDetails/HelpSupportDetailView.swift /Users/abhinav/Desktop/Amit/LMS/LoanManagementSystem/LoanManagementSystem/Views/ProfileDetails/KYCStatusDetailView.swift /Users/abhinav/Desktop/Amit/LMS/LoanManagementSystem/LoanManagementSystem/Views/ProfileDetails/LinkedBankAccountsDetailView.swift /Users/abhinav/Desktop/Amit/LMS/LoanManagementSystem/LoanManagementSystem/Views/ProfileDetails/NotificationsDetailView.swift /Users/abhinav/Desktop/Amit/LMS/LoanManagementSystem/LoanManagementSystem/Views/ProfileDetails/PrivacyControlsDetailView.swift /Users/abhinav/Desktop/Amit/LMS/LoanManagementSystem/LoanManagementSystem/Views/ProfileDetails/ProfileInfoDetailView.swift /Users/abhinav/Desktop/Amit/LMS/LoanManagementSystem/LoanManagementSystem/Views/ProfileDetails/ResetPasswordDetailView.swift /Users/abhinav/Desktop/Amit/LMS/LoanManagementSystem/LoanManagementSystem/Views/ProfileDetails/SecurityDetailView.swift /Users/abhinav/Desktop/Amit/LMS/LoanManagementSystem/LoanManagementSystem/Views/ProfileDetails/SettingsDetailView.swift /Users/abhinav/Desktop/Amit/LMS/LoanManagementSystem/LoanManagementSystem/Views/AdminDashboardView.swift /Users/abhinav/Desktop/Amit/LMS/LoanManagementSystem/LoanManagementSystem/Views/BankManagerDashboardView.swift /Users/abhinav/Desktop/Amit/LMS/LoanManagementSystem/LoanManagementSystem/Views/BorrowerForgotPasswordView.swift /Users/abhinav/Desktop/Amit/LMS/LoanManagementSystem/LoanManagementSystem/Views/BorrowerSignUpView.swift /Users/abhinav/Desktop/Amit/LMS/LoanManagementSystem/LoanManagementSystem/Views/MainTabView.swift /Users/abhinav/Desktop/Amit/LMS/LoanManagementSystem/LoanManagementSystem/Views/ManagerAllApplicationsView.swift /Users/abhinav/Desktop/Amit/LMS/LoanManagementSystem/LoanManagementSystem/Views/OnboardingQuestionnaireView.swift /Users/abhinav/Desktop/Amit/LMS/LoanManagementSystem/LoanManagementSystem/Views/ProfileView.swift /Users/abhinav/Desktop/Amit/LMS/LoanManagementSystem/LoanManagementSystem/Views/RoleSelectionView.swift /Users/abhinav/Desktop/Amit/LMS/LoanManagementSystem/LoanManagementSystem/Views/SignInView.swift /Users/abhinav/Desktop/Amit/LMS/LoanManagementSystem/LoanManagementSystem/Views/SplashScreenView.swift /Users/abhinav/Desktop/Amit/LMS/LoanManagementSystem/LoanManagementSystem/Views/StaffLoginView.swift /Users/abhinav/Desktop/Amit/LMS/LoanManagementSystem/LoanManagementSystem/ContentView.swift /Users/abhinav/Desktop/Amit/LMS/LoanManagementSystem/LoanManagementSystem/LoanManagementSystemApp.swift /Users/abhinav/Library/Developer/Xcode/DerivedData/LoanManagementSystem-efuqawzlonjiaqazoihpohltaefw/Build/Intermediates.noindex/LoanManagementSystem.build/Debug-iphonesimulator/LoanManagementSystem.build/DerivedSources/GeneratedAssetSymbols.swift -target arm64-apple-ios26.5-simulator -module-can-import-version DeveloperToolsSupport 23.40.26 23.40.26 -module-can-import-version SwiftUI 7.5.3 7.5.3 -module-can-import-version UIKit 9126.5.5.2 9126.5.5 -disable-cross-import-overlay-search -swift-module-cross-import PhotosUI /Applications/Xcode.app/Contents/Developer/Platforms/iPhoneSimulator.platform/Developer/SDKs/iPhoneSimulator.sdk/System/Library/Frameworks/PhotosUI.framework/Modules/PhotosUI.swiftcrossimport/SwiftUI.swiftoverlay -swift-module-cross-import PhotosUI /Applications/Xcode.app/Contents/Developer/Platforms/iPhoneSimulator.platform/Developer/SDKs/iPhoneSimulator.sdk/System/Library/Frameworks/PhotosUI.framework/Modules/PhotosUI.swiftcrossimport/WidgetKit.swiftoverlay -swift-module-cross-import PhotosUI /Applications/Xcode.app/Contents/Developer/Platforms/iPhoneSimulator.platform/Developer/SDKs/iPhoneSimulator26.5.sdk/System/Library/Frameworks/PhotosUI.framework/Modules/PhotosUI.swiftcrossimport/SwiftUI.swiftoverlay -swift-module-cross-import PhotosUI /Applications/Xcode.app/Contents/Developer/Platforms/iPhoneSimulator.platform/Developer/SDKs/iPhoneSimulator26.5.sdk/System/Library/Frameworks/PhotosUI.framework/Modules/PhotosUI.swiftcrossimport/WidgetKit.swiftoverlay -load-resolved-plugin /Applications/Xcode.app/Contents/Developer/Platforms/iPhoneOS.platform/Developer/usr/lib/swift/host/plugins/libFoundationMacros.dylib\#/Applications/Xcode.app/Contents/Developer/Platforms/iPhoneOS.platform/Developer/usr/bin/swift-plugin-server\#FoundationMacros -load-resolved-plugin /Applications/Xcode.app/Contents/Developer/Platforms/iPhoneOS.platform/Developer/usr/lib/swift/host/plugins/libObservationMacros.dylib\#/Applications/Xcode.app/Contents/Developer/Platforms/iPhoneOS.platform/Developer/usr/bin/swift-plugin-server\#ObservationMacros -load-resolved-plugin /Applications/Xcode.app/Contents/Developer/Platforms/iPhoneOS.platform/Developer/usr/lib/swift/host/plugins/libPreviewsMacros.dylib\#/Applications/Xcode.app/Contents/Developer/Platforms/iPhoneOS.platform/Developer/usr/bin/swift-plugin-server\#PreviewsMacros -load-resolved-plugin /Applications/Xcode.app/Contents/Developer/Platforms/iPhoneOS.platform/Developer/usr/lib/swift/host/plugins/libSwiftMacros.dylib\#/Applications/Xcode.app/Contents/Developer/Platforms/iPhoneOS.platform/Developer/usr/bin/swift-plugin-server\#SwiftMacros -load-resolved-plugin /Applications/Xcode.app/Contents/Developer/Platforms/iPhoneOS.platform/Developer/usr/lib/swift/host/plugins/libSwiftUIMacros.dylib\#/Applications/Xcode.app/Contents/Developer/Platforms/iPhoneOS.platform/Developer/usr/bin/swift-plugin-server\#SwiftUIMacros -disable-implicit-swift-modules -Xcc -fno-implicit-modules -Xcc -fno-implicit-module-maps -explicit-swift-module-map-file /Users/abhinav/Library/Developer/Xcode/DerivedData/LoanManagementSystem-efuqawzlonjiaqazoihpohltaefw/Build/Intermediates.noindex/LoanManagementSystem.build/Debug-iphonesimulator/LoanManagementSystem.build/Objects-normal/arm64/LoanManagementSystem-dependencies-1.json -Xllvm -aarch64-use-tbi -enable-objc-interop -sdk /Applications/Xcode.app/Contents/Developer/Platforms/iPhoneSimulator.platform/Developer/SDKs/iPhoneSimulator26.5.sdk -I /Users/abhinav/Library/Developer/Xcode/DerivedData/LoanManagementSystem-efuqawzlonjiaqazoihpohltaefw/Build/Products/Debug-iphonesimulator -F /Users/abhinav/Library/Developer/Xcode/DerivedData/LoanManagementSystem-efuqawzlonjiaqazoihpohltaefw/Build/Products/Debug-iphonesimulator -no-color-diagnostics -Xcc -fno-color-diagnostics -enable-testing -g -debug-info-format\=dwarf -dwarf-version\=5 -module-cache-path /Users/abhinav/Library/Developer/Xcode/DerivedData/LoanManagementSystem-efuqawzlonjiaqazoihpohltaefw/Build/Intermediates.noindex/SwiftExplicitPrecompiledModules -swift-version 5 -Onone -D DEBUG -serialize-debugging-options -const-gather-protocols-file /Users/abhinav/Library/Developer/Xcode/DerivedData/LoanManagementSystem-efuqawzlonjiaqazoihpohltaefw/Build/Intermediates.noindex/LoanManagementSystem.build/Debug-iphonesimulator/LoanManagementSystem.build/Objects-normal/arm64/LoanManagementSystem_const_extract_protocols.json -enable-upcoming-feature DisableOutwardActorInference -enable-upcoming-feature InferSendableFromCaptures -enable-upcoming-feature GlobalActorIsolatedTypesUsability -enable-upcoming-feature MemberImportVisibility -enable-upcoming-feature InferIsolatedConformances -enable-upcoming-feature NonisolatedNonsendingByDefault -enable-experimental-feature DebugDescriptionMacro -enable-bare-slash-regex -default-isolation\=MainActor -empty-abi-descriptor -validate-clang-modules-once -clang-build-session-file /Users/abhinav/Library/Developer/Xcode/DerivedData/ModuleCache.noindex/Session.modulevalidation -Xcc -working-directory -Xcc /Users/abhinav/Desktop/Amit/LMS/LoanManagementSystem -enable-anonymous-context-mangled-names -file-compilation-dir /Users/abhinav/Desktop/Amit/LMS/LoanManagementSystem -Xcc -D_LIBCPP_HARDENING_MODE\=_LIBCPP_HARDENING_MODE_DEBUG -Xcc -ivfsstatcache -Xcc /Users/abhinav/Library/Developer/Xcode/DerivedData/SDKStatCaches.noindex/iphonesimulator26.5-23F73-6cfe768891a92b912361537c460fe42b.sdkstatcache -Xcc -I/Users/abhinav/Library/Developer/Xcode/DerivedData/LoanManagementSystem-efuqawzlonjiaqazoihpohltaefw/Build/Intermediates.noindex/LoanManagementSystem.build/Debug-iphonesimulator/LoanManagementSystem.build/swift-overrides.hmap -Xcc -iquote -Xcc /Users/abhinav/Library/Developer/Xcode/DerivedData/LoanManagementSystem-efuqawzlonjiaqazoihpohltaefw/Build/Intermediates.noindex/LoanManagementSystem.build/Debug-iphonesimulator/LoanManagementSystem.build/LoanManagementSystem-generated-files.hmap -Xcc -I/Users/abhinav/Library/Developer/Xcode/DerivedData/LoanManagementSystem-efuqawzlonjiaqazoihpohltaefw/Build/Intermediates.noindex/LoanManagementSystem.build/Debug-iphonesimulator/LoanManagementSystem.build/LoanManagementSystem-own-target-headers.hmap -Xcc -I/Users/abhinav/Library/Developer/Xcode/DerivedData/LoanManagementSystem-efuqawzlonjiaqazoihpohltaefw/Build/Intermediates.noindex/LoanManagementSystem.build/Debug-iphonesimulator/LoanManagementSystem.build/LoanManagementSystem-all-target-headers.hmap -Xcc -iquote -Xcc /Users/abhinav/Library/Developer/Xcode/DerivedData/LoanManagementSystem-efuqawzlonjiaqazoihpohltaefw/Build/Intermediates.noindex/LoanManagementSystem.build/Debug-iphonesimulator/LoanManagementSystem.build/LoanManagementSystem-project-headers.hmap -Xcc -I/Users/abhinav/Library/Developer/Xcode/DerivedData/LoanManagementSystem-efuqawzlonjiaqazoihpohltaefw/Build/Products/Debug-iphonesimulator/include -Xcc -I/Users/abhinav/Library/Developer/Xcode/DerivedData/LoanManagementSystem-efuqawzlonjiaqazoihpohltaefw/Build/Intermediates.noindex/LoanManagementSystem.build/Debug-iphonesimulator/LoanManagementSystem.build/DerivedSources-normal/arm64 -Xcc -I/Users/abhinav/Library/Developer/Xcode/DerivedData/LoanManagementSystem-efuqawzlonjiaqazoihpohltaefw/Build/Intermediates.noindex/LoanManagementSystem.build/Debug-iphonesimulator/LoanManagementSystem.build/DerivedSources/arm64 -Xcc -I/Users/abhinav/Library/Developer/Xcode/DerivedData/LoanManagementSystem-efuqawzlonjiaqazoihpohltaefw/Build/Intermediates.noindex/LoanManagementSystem.build/Debug-iphonesimulator/LoanManagementSystem.build/DerivedSources -Xcc -DDEBUG\=1 -no-auto-bridging-header-chaining -module-name LoanManagementSystem -frontend-parseable-output -disable-clang-spi -clang-target arm64-apple-ios26.5-simulator -target-sdk-version 26.5 -target-sdk-name iphonesimulator26.5 -in-process-plugin-server-path /Applications/Xcode.app/Contents/Developer/Toolchains/XcodeDefault.xctoolchain/usr/lib/swift/host/libSwiftInProcPluginServer.dylib -emit-module-doc-path /Users/abhinav/Library/Developer/Xcode/DerivedData/LoanManagementSystem-efuqawzlonjiaqazoihpohltaefw/Build/Intermediates.noindex/LoanManagementSystem.build/Debug-iphonesimulator/LoanManagementSystem.build/Objects-normal/arm64/LoanManagementSystem.swiftdoc -emit-module-source-info-path /Users/abhinav/Library/Developer/Xcode/DerivedData/LoanManagementSystem-efuqawzlonjiaqazoihpohltaefw/Build/Intermediates.noindex/LoanManagementSystem.build/Debug-iphonesimulator/LoanManagementSystem.build/Objects-normal/arm64/LoanManagementSystem.swiftsourceinfo -emit-objc-header-path /Users/abhinav/Library/Developer/Xcode/DerivedData/LoanManagementSystem-efuqawzlonjiaqazoihpohltaefw/Build/Intermediates.noindex/LoanManagementSystem.build/Debug-iphonesimulator/LoanManagementSystem.build/Objects-normal/arm64/LoanManagementSystem-Swift.h -serialize-diagnostics-path /Users/abhinav/Library/Developer/Xcode/DerivedData/LoanManagementSystem-efuqawzlonjiaqazoihpohltaefw/Build/Intermediates.noindex/LoanManagementSystem.build/Debug-iphonesimulator/LoanManagementSystem.build/Objects-normal/arm64/LoanManagementSystem-primary-emit-module.dia -emit-dependencies-path /Users/abhinav/Library/Developer/Xcode/DerivedData/LoanManagementSystem-efuqawzlonjiaqazoihpohltaefw/Build/Intermediates.noindex/LoanManagementSystem.build/Debug-iphonesimulator/LoanManagementSystem.build/Objects-normal/arm64/LoanManagementSystem-primary-emit-module.d -o /Users/abhinav/Library/Developer/Xcode/DerivedData/LoanManagementSystem-efuqawzlonjiaqazoihpohltaefw/Build/Intermediates.noindex/LoanManagementSystem.build/Debug-iphonesimulator/LoanManagementSystem.build/Objects-normal/arm64/LoanManagementSystem.swiftmodule -emit-abi-descriptor-path /Users/abhinav/Library/Developer/Xcode/DerivedData/LoanManagementSystem-efuqawzlonjiaqazoihpohltaefw/Build/Intermediates.noindex/LoanManagementSystem.build/Debug-iphonesimulator/LoanManagementSystem.build/Objects-normal/arm64/LoanManagementSystem.abi.json

EmitSwiftModule normal arm64 (in target 'LoanManagementSystem' from project 'LoanManagementSystem')
    cd /Users/abhinav/Desktop/Amit/LMS/LoanManagementSystem
    
/Users/abhinav/Desktop/Amit/LMS/LoanManagementSystem/LoanManagementSystem/Auth/AuthManager.swift:13:15: error: invalid redeclaration of 'AppUser'
public struct AppUser: Codable {
              ^
/Users/abhinav/Desktop/Amit/LMS/LoanManagementSystem/LoanManagementSystem/Borrower/Dashboard/Models/UserModels.swift:29:8: note: 'AppUser' previously declared here
struct AppUser: Codable, Identifiable {
       ^
/Users/abhinav/Desktop/Amit/LMS/LoanManagementSystem/LoanManagementSystem/Borrower/Dashboard/Models/UserModels.swift:29:8: note: 'AppUser' previously declared here
struct AppUser: Codable, Identifiable {
       ^
/Users/abhinav/Desktop/Amit/LMS/LoanManagementSystem/LoanManagementSystem/Auth/AuthManager.swift:36:40: error: 'AppUser' is ambiguous for type lookup in this context
    @Published public var currentUser: AppUser? = nil
                                       ^~~~~~~
/Users/abhinav/Desktop/Amit/LMS/LoanManagementSystem/LoanManagementSystem/Auth/AuthManager.swift:13:15: note: found this candidate
public struct AppUser: Codable {
              ^
/Users/abhinav/Desktop/Amit/LMS/LoanManagementSystem/LoanManagementSystem/Borrower/Dashboard/Models/UserModels.swift:29:8: note: found this candidate
struct AppUser: Codable, Identifiable {
       ^
/Users/abhinav/Desktop/Amit/LMS/LoanManagementSystem/LoanManagementSystem/Services/DatabaseService.swift:18:17: error: method cannot be declared public because its result uses an internal type
    public func fetchProfile(userId: String) async throws -> BorrowerProfile? {
                ^                                            ~~~~~~~~~~~~~~~
/Users/abhinav/Desktop/Amit/LMS/LoanManagementSystem/LoanManagementSystem/Borrower/Dashboard/Models/BorrowerProfile.swift:3:8: note: type declared here
struct BorrowerProfile: Codable {
       ^
/Users/abhinav/Desktop/Amit/LMS/LoanManagementSystem/LoanManagementSystem/Services/DatabaseService.swift:33:17: error: method cannot be declared public because its parameter uses an internal type
    public func updateProfile(_ profile: BorrowerProfile) async throws {
                ^                        ~~~~~~~~~~~~~~~
/Users/abhinav/Desktop/Amit/LMS/LoanManagementSystem/LoanManagementSystem/Borrower/Dashboard/Models/BorrowerProfile.swift:3:8: note: type declared here
struct BorrowerProfile: Codable {
       ^

SwiftCompile normal arm64 Compiling\ LinkedBankAccountsDetailView.swift,\ NotificationsDetailView.swift,\ PrivacyControlsDetailView.swift,\ ProfileInfoDetailView.swift,\ ResetPasswordDetailView.swift,\ SecurityDetailView.swift,\ SettingsDetailView.swift,\ AdminDashboardView.swift,\ BankManagerDashboardView.swift,\ BorrowerForgotPasswordView.swift,\ BorrowerSignUpView.swift /Users/abhinav/Desktop/Amit/LMS/LoanManagementSystem/LoanManagementSystem/Views/ProfileDetails/LinkedBankAccountsDetailView.swift /Users/abhinav/Desktop/Amit/LMS/LoanManagementSystem/LoanManagementSystem/Views/ProfileDetails/NotificationsDetailView.swift /Users/abhinav/Desktop/Amit/LMS/LoanManagementSystem/LoanManagementSystem/Views/ProfileDetails/PrivacyControlsDetailView.swift /Users/abhinav/Desktop/Amit/LMS/LoanManagementSystem/LoanManagementSystem/Views/ProfileDetails/ProfileInfoDetailView.swift /Users/abhinav/Desktop/Amit/LMS/LoanManagementSystem/LoanManagementSystem/Views/ProfileDetails/ResetPasswordDetailView.swift /Users/abhinav/Desktop/Amit/LMS/LoanManagementSystem/LoanManagementSystem/Views/ProfileDetails/SecurityDetailView.swift /Users/abhinav/Desktop/Amit/LMS/LoanManagementSystem/LoanManagementSystem/Views/ProfileDetails/SettingsDetailView.swift /Users/abhinav/Desktop/Amit/LMS/LoanManagementSystem/LoanManagementSystem/Views/AdminDashboardView.swift /Users/abhinav/Desktop/Amit/LMS/LoanManagementSystem/LoanManagementSystem/Views/BankManagerDashboardView.swift /Users/abhinav/Desktop/Amit/LMS/LoanManagementSystem/LoanManagementSystem/Views/BorrowerForgotPasswordView.swift /Users/abhinav/Desktop/Amit/LMS/LoanManagementSystem/LoanManagementSystem/Views/BorrowerSignUpView.swift (in target 'LoanManagementSystem' from project 'LoanManagementSystem')

SwiftCompile normal arm64 /Users/abhinav/Desktop/Amit/LMS/LoanManagementSystem/LoanManagementSystem/Views/ProfileDetails/LinkedBankAccountsDetailView.swift (in target 'LoanManagementSystem' from project 'LoanManagementSystem')
    cd /Users/abhinav/Desktop/Amit/LMS/LoanManagementSystem
    

SwiftCompile normal arm64 /Users/abhinav/Desktop/Amit/LMS/LoanManagementSystem/LoanManagementSystem/Views/ProfileDetails/NotificationsDetailView.swift (in target 'LoanManagementSystem' from project 'LoanManagementSystem')
    cd /Users/abhinav/Desktop/Amit/LMS/LoanManagementSystem
    

SwiftCompile normal arm64 /Users/abhinav/Desktop/Amit/LMS/LoanManagementSystem/LoanManagementSystem/Views/ProfileDetails/PrivacyControlsDetailView.swift (in target 'LoanManagementSystem' from project 'LoanManagementSystem')
    cd /Users/abhinav/Desktop/Amit/LMS/LoanManagementSystem
    

SwiftCompile normal arm64 /Users/abhinav/Desktop/Amit/LMS/LoanManagementSystem/LoanManagementSystem/Views/ProfileDetails/ProfileInfoDetailView.swift (in target 'LoanManagementSystem' from project 'LoanManagementSystem')
    cd /Users/abhinav/Desktop/Amit/LMS/LoanManagementSystem
    

SwiftCompile normal arm64 /Users/abhinav/Desktop/Amit/LMS/LoanManagementSystem/LoanManagementSystem/Views/ProfileDetails/ResetPasswordDetailView.swift (in target 'LoanManagementSystem' from project 'LoanManagementSystem')
    cd /Users/abhinav/Desktop/Amit/LMS/LoanManagementSystem
    

SwiftCompile normal arm64 /Users/abhinav/Desktop/Amit/LMS/LoanManagementSystem/LoanManagementSystem/Views/ProfileDetails/SecurityDetailView.swift (in target 'LoanManagementSystem' from project 'LoanManagementSystem')
    cd /Users/abhinav/Desktop/Amit/LMS/LoanManagementSystem
    

SwiftCompile normal arm64 /Users/abhinav/Desktop/Amit/LMS/LoanManagementSystem/LoanManagementSystem/Views/ProfileDetails/SettingsDetailView.swift (in target 'LoanManagementSystem' from project 'LoanManagementSystem')
    cd /Users/abhinav/Desktop/Amit/LMS/LoanManagementSystem
    

SwiftCompile normal arm64 /Users/abhinav/Desktop/Amit/LMS/LoanManagementSystem/LoanManagementSystem/Views/AdminDashboardView.swift (in target 'LoanManagementSystem' from project 'LoanManagementSystem')
    cd /Users/abhinav/Desktop/Amit/LMS/LoanManagementSystem
    

SwiftCompile normal arm64 /Users/abhinav/Desktop/Amit/LMS/LoanManagementSystem/LoanManagementSystem/Views/BankManagerDashboardView.swift (in target 'LoanManagementSystem' from project 'LoanManagementSystem')
    cd /Users/abhinav/Desktop/Amit/LMS/LoanManagementSystem
    

SwiftCompile normal arm64 /Users/abhinav/Desktop/Amit/LMS/LoanManagementSystem/LoanManagementSystem/Views/BorrowerForgotPasswordView.swift (in target 'LoanManagementSystem' from project 'LoanManagementSystem')
    cd /Users/abhinav/Desktop/Amit/LMS/LoanManagementSystem
    

SwiftCompile normal arm64 /Users/abhinav/Desktop/Amit/LMS/LoanManagementSystem/LoanManagementSystem/Views/BorrowerSignUpView.swift (in target 'LoanManagementSystem' from project 'LoanManagementSystem')
    cd /Users/abhinav/Desktop/Amit/LMS/LoanManagementSystem
    

SwiftCompile normal arm64 Compiling\ DocumentReviewDetailView.swift,\ KPIGridView.swift,\ LoanApplicationReviewDetailView.swift,\ LoanHistoryRow.swift,\ LoanHistoryTabView.swift,\ LoanOfficerDashboardView.swift,\ LoanOfficerDashboardViewModel.swift,\ LoanOfficerMockData.swift,\ LoanOfficerModels.swift,\ LoanOfficerProfileView.swift,\ PortfolioMetricsSheet.swift,\ PortfolioSummaryCard.swift /Users/abhinav/Desktop/Amit/LMS/LoanManagementSystem/LoanManagementSystem/LoanOfficerModule/Dashboard/DocumentReviewDetailView.swift /Users/abhinav/Desktop/Amit/LMS/LoanManagementSystem/LoanManagementSystem/LoanOfficerModule/Dashboard/KPIGridView.swift /Users/abhinav/Desktop/Amit/LMS/LoanManagementSystem/LoanManagementSystem/LoanOfficerModule/Dashboard/LoanApplicationReviewDetailView.swift /Users/abhinav/Desktop/Amit/LMS/LoanManagementSystem/LoanManagementSystem/LoanOfficerModule/Dashboard/LoanHistoryRow.swift /Users/abhinav/Desktop/Amit/LMS/LoanManagementSystem/LoanManagementSystem/LoanOfficerModule/Dashboard/LoanHistoryTabView.swift /Users/abhinav/Desktop/Amit/LMS/LoanManagementSystem/LoanManagementSystem/LoanOfficerModule/Dashboard/LoanOfficerDashboardView.swift /Users/abhinav/Desktop/Amit/LMS/LoanManagementSystem/LoanManagementSystem/LoanOfficerModule/Dashboard/LoanOfficerDashboardViewModel.swift /Users/abhinav/Desktop/Amit/LMS/LoanManagementSystem/LoanManagementSystem/LoanOfficerModule/Dashboard/LoanOfficerMockData.swift /Users/abhinav/Desktop/Amit/LMS/LoanManagementSystem/LoanManagementSystem/LoanOfficerModule/Dashboard/LoanOfficerModels.swift /Users/abhinav/Desktop/Amit/LMS/LoanManagementSystem/LoanManagementSystem/LoanOfficerModule/Dashboard/LoanOfficerProfileView.swift /Users/abhinav/Desktop/Amit/LMS/LoanManagementSystem/LoanManagementSystem/LoanOfficerModule/Dashboard/PortfolioMetricsSheet.swift /Users/abhinav/Desktop/Amit/LMS/LoanManagementSystem/LoanManagementSystem/LoanOfficerModule/Dashboard/PortfolioSummaryCard.swift (in target 'LoanManagementSystem' from project 'LoanManagementSystem')
SwiftCompile normal arm64 /Users/abhinav/Desktop/Amit/LMS/LoanManagementSystem/LoanManagementSystem/LoanOfficerModule/Dashboard/DocumentReviewDetailView.swift (in target 'LoanManagementSystem' from project 'LoanManagementSystem')
    cd /Users/abhinav/Desktop/Amit/LMS/LoanManagementSystem
    

SwiftCompile normal arm64 /Users/abhinav/Desktop/Amit/LMS/LoanManagementSystem/LoanManagementSystem/LoanOfficerModule/Dashboard/KPIGridView.swift (in target 'LoanManagementSystem' from project 'LoanManagementSystem')
    cd /Users/abhinav/Desktop/Amit/LMS/LoanManagementSystem
    

SwiftCompile normal arm64 /Users/abhinav/Desktop/Amit/LMS/LoanManagementSystem/LoanManagementSystem/LoanOfficerModule/Dashboard/LoanApplicationReviewDetailView.swift (in target 'LoanManagementSystem' from project 'LoanManagementSystem')
    cd /Users/abhinav/Desktop/Amit/LMS/LoanManagementSystem
    

SwiftCompile normal arm64 /Users/abhinav/Desktop/Amit/LMS/LoanManagementSystem/LoanManagementSystem/LoanOfficerModule/Dashboard/LoanHistoryRow.swift (in target 'LoanManagementSystem' from project 'LoanManagementSystem')
    cd /Users/abhinav/Desktop/Amit/LMS/LoanManagementSystem
    

SwiftCompile normal arm64 /Users/abhinav/Desktop/Amit/LMS/LoanManagementSystem/LoanManagementSystem/LoanOfficerModule/Dashboard/LoanHistoryTabView.swift (in target 'LoanManagementSystem' from project 'LoanManagementSystem')
    cd /Users/abhinav/Desktop/Amit/LMS/LoanManagementSystem
    

SwiftCompile normal arm64 /Users/abhinav/Desktop/Amit/LMS/LoanManagementSystem/LoanManagementSystem/LoanOfficerModule/Dashboard/LoanOfficerDashboardView.swift (in target 'LoanManagementSystem' from project 'LoanManagementSystem')
    cd /Users/abhinav/Desktop/Amit/LMS/LoanManagementSystem
    

SwiftCompile normal arm64 /Users/abhinav/Desktop/Amit/LMS/LoanManagementSystem/LoanManagementSystem/LoanOfficerModule/Dashboard/LoanOfficerDashboardViewModel.swift (in target 'LoanManagementSystem' from project 'LoanManagementSystem')
    cd /Users/abhinav/Desktop/Amit/LMS/LoanManagementSystem
    

SwiftCompile normal arm64 /Users/abhinav/Desktop/Amit/LMS/LoanManagementSystem/LoanManagementSystem/LoanOfficerModule/Dashboard/LoanOfficerMockData.swift (in target 'LoanManagementSystem' from project 'LoanManagementSystem')
    cd /Users/abhinav/Desktop/Amit/LMS/LoanManagementSystem
    

SwiftCompile normal arm64 /Users/abhinav/Desktop/Amit/LMS/LoanManagementSystem/LoanManagementSystem/LoanOfficerModule/Dashboard/LoanOfficerModels.swift (in target 'LoanManagementSystem' from project 'LoanManagementSystem')
    cd /Users/abhinav/Desktop/Amit/LMS/LoanManagementSystem
    

SwiftCompile normal arm64 /Users/abhinav/Desktop/Amit/LMS/LoanManagementSystem/LoanManagementSystem/LoanOfficerModule/Dashboard/LoanOfficerProfileView.swift (in target 'LoanManagementSystem' from project 'LoanManagementSystem')
    cd /Users/abhinav/Desktop/Amit/LMS/LoanManagementSystem
    

SwiftCompile normal arm64 /Users/abhinav/Desktop/Amit/LMS/LoanManagementSystem/LoanManagementSystem/LoanOfficerModule/Dashboard/PortfolioMetricsSheet.swift (in target 'LoanManagementSystem' from project 'LoanManagementSystem')
    cd /Users/abhinav/Desktop/Amit/LMS/LoanManagementSystem
    

SwiftCompile normal arm64 /Users/abhinav/Desktop/Amit/LMS/LoanManagementSystem/LoanManagementSystem/LoanOfficerModule/Dashboard/PortfolioSummaryCard.swift (in target 'LoanManagementSystem' from project 'LoanManagementSystem')
    cd /Users/abhinav/Desktop/Amit/LMS/LoanManagementSystem
    

SwiftCompile normal arm64 Compiling\ SignUpViewModel.swift,\ EditAdditionalInfoView.swift,\ EditAddressInfoView.swift,\ EditBankDetailsView.swift,\ EditContactInfoView.swift,\ EditEmploymentView.swift,\ EditKYCView.swift,\ EditLoanOverviewView.swift,\ EditPersonalInfoView.swift,\ DocumentManagementDetailView.swift,\ HelpSupportDetailView.swift,\ KYCStatusDetailView.swift /Users/abhinav/Desktop/Amit/LMS/LoanManagementSystem/LoanManagementSystem/ViewModels/SignUpViewModel.swift /Users/abhinav/Desktop/Amit/LMS/LoanManagementSystem/LoanManagementSystem/Views/EditForms/EditAdditionalInfoView.swift /Users/abhinav/Desktop/Amit/LMS/LoanManagementSystem/LoanManagementSystem/Views/EditForms/EditAddressInfoView.swift /Users/abhinav/Desktop/Amit/LMS/LoanManagementSystem/LoanManagementSystem/Views/EditForms/EditBankDetailsView.swift /Users/abhinav/Desktop/Amit/LMS/LoanManagementSystem/LoanManagementSystem/Views/EditForms/EditContactInfoView.swift /Users/abhinav/Desktop/Amit/LMS/LoanManagementSystem/LoanManagementSystem/Views/EditForms/EditEmploymentView.swift /Users/abhinav/Desktop/Amit/LMS/LoanManagementSystem/LoanManagementSystem/Views/EditForms/EditKYCView.swift /Users/abhinav/Desktop/Amit/LMS/LoanManagementSystem/LoanManagementSystem/Views/EditForms/EditLoanOverviewView.swift /Users/abhinav/Desktop/Amit/LMS/LoanManagementSystem/LoanManagementSystem/Views/EditForms/EditPersonalInfoView.swift /Users/abhinav/Desktop/Amit/LMS/LoanManagementSystem/LoanManagementSystem/Views/ProfileDetails/DocumentManagementDetailView.swift /Users/abhinav/Desktop/Amit/LMS/LoanManagementSystem/LoanManagementSystem/Views/ProfileDetails/HelpSupportDetailView.swift /Users/abhinav/Desktop/Amit/LMS/LoanManagementSystem/LoanManagementSystem/Views/ProfileDetails/KYCStatusDetailView.swift (in target 'LoanManagementSystem' from project 'LoanManagementSystem')

SwiftCompile normal arm64 /Users/abhinav/Desktop/Amit/LMS/LoanManagementSystem/LoanManagementSystem/ViewModels/SignUpViewModel.swift (in target 'LoanManagementSystem' from project 'LoanManagementSystem')
    cd /Users/abhinav/Desktop/Amit/LMS/LoanManagementSystem
    

SwiftCompile normal arm64 /Users/abhinav/Desktop/Amit/LMS/LoanManagementSystem/LoanManagementSystem/Views/EditForms/EditAdditionalInfoView.swift (in target 'LoanManagementSystem' from project 'LoanManagementSystem')
    cd /Users/abhinav/Desktop/Amit/LMS/LoanManagementSystem
    

SwiftCompile normal arm64 /Users/abhinav/Desktop/Amit/LMS/LoanManagementSystem/LoanManagementSystem/Views/EditForms/EditAddressInfoView.swift (in target 'LoanManagementSystem' from project 'LoanManagementSystem')
    cd /Users/abhinav/Desktop/Amit/LMS/LoanManagementSystem
    

SwiftCompile normal arm64 /Users/abhinav/Desktop/Amit/LMS/LoanManagementSystem/LoanManagementSystem/Views/EditForms/EditBankDetailsView.swift (in target 'LoanManagementSystem' from project 'LoanManagementSystem')
    cd /Users/abhinav/Desktop/Amit/LMS/LoanManagementSystem
    

SwiftCompile normal arm64 /Users/abhinav/Desktop/Amit/LMS/LoanManagementSystem/LoanManagementSystem/Views/EditForms/EditContactInfoView.swift (in target 'LoanManagementSystem' from project 'LoanManagementSystem')
    cd /Users/abhinav/Desktop/Amit/LMS/LoanManagementSystem
    

SwiftCompile normal arm64 /Users/abhinav/Desktop/Amit/LMS/LoanManagementSystem/LoanManagementSystem/Views/EditForms/EditEmploymentView.swift (in target 'LoanManagementSystem' from project 'LoanManagementSystem')
    cd /Users/abhinav/Desktop/Amit/LMS/LoanManagementSystem
    

SwiftCompile normal arm64 /Users/abhinav/Desktop/Amit/LMS/LoanManagementSystem/LoanManagementSystem/Views/EditForms/EditKYCView.swift (in target 'LoanManagementSystem' from project 'LoanManagementSystem')
    cd /Users/abhinav/Desktop/Amit/LMS/LoanManagementSystem
    

SwiftCompile normal arm64 /Users/abhinav/Desktop/Amit/LMS/LoanManagementSystem/LoanManagementSystem/Views/EditForms/EditLoanOverviewView.swift (in target 'LoanManagementSystem' from project 'LoanManagementSystem')
    cd /Users/abhinav/Desktop/Amit/LMS/LoanManagementSystem
    

SwiftCompile normal arm64 /Users/abhinav/Desktop/Amit/LMS/LoanManagementSystem/LoanManagementSystem/Views/EditForms/EditPersonalInfoView.swift (in target 'LoanManagementSystem' from project 'LoanManagementSystem')
    cd /Users/abhinav/Desktop/Amit/LMS/LoanManagementSystem
    

SwiftCompile normal arm64 /Users/abhinav/Desktop/Amit/LMS/LoanManagementSystem/LoanManagementSystem/Views/ProfileDetails/DocumentManagementDetailView.swift (in target 'LoanManagementSystem' from project 'LoanManagementSystem')
    cd /Users/abhinav/Desktop/Amit/LMS/LoanManagementSystem
    

SwiftCompile normal arm64 /Users/abhinav/Desktop/Amit/LMS/LoanManagementSystem/LoanManagementSystem/Views/ProfileDetails/HelpSupportDetailView.swift (in target 'LoanManagementSystem' from project 'LoanManagementSystem')
    cd /Users/abhinav/Desktop/Amit/LMS/LoanManagementSystem
    

SwiftCompile normal arm64 /Users/abhinav/Desktop/Amit/LMS/LoanManagementSystem/LoanManagementSystem/Views/ProfileDetails/KYCStatusDetailView.swift (in target 'LoanManagementSystem' from project 'LoanManagementSystem')
    cd /Users/abhinav/Desktop/Amit/LMS/LoanManagementSystem
    

SwiftCompile normal arm64 Compiling\ MainTabView.swift,\ ManagerAllApplicationsView.swift,\ OnboardingQuestionnaireView.swift,\ ProfileView.swift,\ RoleSelectionView.swift,\ SignInView.swift,\ SplashScreenView.swift,\ StaffLoginView.swift,\ ContentView.swift,\ LoanManagementSystemApp.swift,\ GeneratedAssetSymbols.swift /Users/abhinav/Desktop/Amit/LMS/LoanManagementSystem/LoanManagementSystem/Views/MainTabView.swift /Users/abhinav/Desktop/Amit/LMS/LoanManagementSystem/LoanManagementSystem/Views/ManagerAllApplicationsView.swift /Users/abhinav/Desktop/Amit/LMS/LoanManagementSystem/LoanManagementSystem/Views/OnboardingQuestionnaireView.swift /Users/abhinav/Desktop/Amit/LMS/LoanManagementSystem/LoanManagementSystem/Views/ProfileView.swift /Users/abhinav/Desktop/Amit/LMS/LoanManagementSystem/LoanManagementSystem/Views/RoleSelectionView.swift /Users/abhinav/Desktop/Amit/LMS/LoanManagementSystem/LoanManagementSystem/Views/SignInView.swift /Users/abhinav/Desktop/Amit/LMS/LoanManagementSystem/LoanManagementSystem/Views/SplashScreenView.swift /Users/abhinav/Desktop/Amit/LMS/LoanManagementSystem/LoanManagementSystem/Views/StaffLoginView.swift /Users/abhinav/Desktop/Amit/LMS/LoanManagementSystem/LoanManagementSystem/ContentView.swift /Users/abhinav/Desktop/Amit/LMS/LoanManagementSystem/LoanManagementSystem/LoanManagementSystemApp.swift /Users/abhinav/Library/Developer/Xcode/DerivedData/LoanManagementSystem-efuqawzlonjiaqazoihpohltaefw/Build/Intermediates.noindex/LoanManagementSystem.build/Debug-iphonesimulator/LoanManagementSystem.build/DerivedSources/GeneratedAssetSymbols.swift (in target 'LoanManagementSystem' from project 'LoanManagementSystem')

SwiftCompile normal arm64 /Users/abhinav/Desktop/Amit/LMS/LoanManagementSystem/LoanManagementSystem/Views/MainTabView.swift (in target 'LoanManagementSystem' from project 'LoanManagementSystem')
    cd /Users/abhinav/Desktop/Amit/LMS/LoanManagementSystem
    

SwiftCompile normal arm64 /Users/abhinav/Desktop/Amit/LMS/LoanManagementSystem/LoanManagementSystem/Views/ManagerAllApplicationsView.swift (in target 'LoanManagementSystem' from project 'LoanManagementSystem')
    cd /Users/abhinav/Desktop/Amit/LMS/LoanManagementSystem
    

SwiftCompile normal arm64 /Users/abhinav/Desktop/Amit/LMS/LoanManagementSystem/LoanManagementSystem/Views/OnboardingQuestionnaireView.swift (in target 'LoanManagementSystem' from project 'LoanManagementSystem')
    cd /Users/abhinav/Desktop/Amit/LMS/LoanManagementSystem
    

SwiftCompile normal arm64 /Users/abhinav/Desktop/Amit/LMS/LoanManagementSystem/LoanManagementSystem/Views/ProfileView.swift (in target 'LoanManagementSystem' from project 'LoanManagementSystem')
    cd /Users/abhinav/Desktop/Amit/LMS/LoanManagementSystem
    

SwiftCompile normal arm64 /Users/abhinav/Desktop/Amit/LMS/LoanManagementSystem/LoanManagementSystem/Views/RoleSelectionView.swift (in target 'LoanManagementSystem' from project 'LoanManagementSystem')
    cd /Users/abhinav/Desktop/Amit/LMS/LoanManagementSystem
    

SwiftCompile normal arm64 /Users/abhinav/Desktop/Amit/LMS/LoanManagementSystem/LoanManagementSystem/Views/SignInView.swift (in target 'LoanManagementSystem' from project 'LoanManagementSystem')
    cd /Users/abhinav/Desktop/Amit/LMS/LoanManagementSystem
    

SwiftCompile normal arm64 /Users/abhinav/Desktop/Amit/LMS/LoanManagementSystem/LoanManagementSystem/Views/SplashScreenView.swift (in target 'LoanManagementSystem' from project 'LoanManagementSystem')
    cd /Users/abhinav/Desktop/Amit/LMS/LoanManagementSystem
    

SwiftCompile normal arm64 /Users/abhinav/Desktop/Amit/LMS/LoanManagementSystem/LoanManagementSystem/Views/StaffLoginView.swift (in target 'LoanManagementSystem' from project 'LoanManagementSystem')
    cd /Users/abhinav/Desktop/Amit/LMS/LoanManagementSystem
    

SwiftCompile normal arm64 /Users/abhinav/Desktop/Amit/LMS/LoanManagementSystem/LoanManagementSystem/ContentView.swift (in target 'LoanManagementSystem' from project 'LoanManagementSystem')
    cd /Users/abhinav/Desktop/Amit/LMS/LoanManagementSystem
    

SwiftCompile normal arm64 /Users/abhinav/Desktop/Amit/LMS/LoanManagementSystem/LoanManagementSystem/LoanManagementSystemApp.swift (in target 'LoanManagementSystem' from project 'LoanManagementSystem')
    cd /Users/abhinav/Desktop/Amit/LMS/LoanManagementSystem
    

SwiftCompile normal arm64 /Users/abhinav/Library/Developer/Xcode/DerivedData/LoanManagementSystem-efuqawzlonjiaqazoihpohltaefw/Build/Intermediates.noindex/LoanManagementSystem.build/Debug-iphonesimulator/LoanManagementSystem.build/DerivedSources/GeneratedAssetSymbols.swift (in target 'LoanManagementSystem' from project 'LoanManagementSystem')
    cd /Users/abhinav/Desktop/Amit/LMS/LoanManagementSystem
    

SwiftCompile normal arm64 Compiling\ ProcessedLoansView.swift,\ QuickActionRowView.swift,\ QuickConsoleTabView.swift,\ AuthService.swift,\ DatabaseService.swift,\ StorageService.swift,\ SupabaseManager.swift,\ Theme.swift,\ AppStateManager.swift,\ BorrowerProfileViewModel.swift,\ ForgotPasswordViewModel.swift,\ SignInViewModel.swift /Users/abhinav/Desktop/Amit/LMS/LoanManagementSystem/LoanManagementSystem/LoanOfficerModule/Dashboard/ProcessedLoansView.swift /Users/abhinav/Desktop/Amit/LMS/LoanManagementSystem/LoanManagementSystem/LoanOfficerModule/Dashboard/QuickActionRowView.swift /Users/abhinav/Desktop/Amit/LMS/LoanManagementSystem/LoanManagementSystem/LoanOfficerModule/Dashboard/QuickConsoleTabView.swift /Users/abhinav/Desktop/Amit/LMS/LoanManagementSystem/LoanManagementSystem/Services/AuthService.swift /Users/abhinav/Desktop/Amit/LMS/LoanManagementSystem/LoanManagementSystem/Services/DatabaseService.swift /Users/abhinav/Desktop/Amit/LMS/LoanManagementSystem/LoanManagementSystem/Services/StorageService.swift /Users/abhinav/Desktop/Amit/LMS/LoanManagementSystem/LoanManagementSystem/Services/SupabaseManager.swift /Users/abhinav/Desktop/Amit/LMS/LoanManagementSystem/LoanManagementSystem/Utilities/Theme.swift /Users/abhinav/Desktop/Amit/LMS/LoanManagementSystem/LoanManagementSystem/ViewModels/AppStateManager.swift /Users/abhinav/Desktop/Amit/LMS/LoanManagementSystem/LoanManagementSystem/ViewModels/BorrowerProfileViewModel.swift /Users/abhinav/Desktop/Amit/LMS/LoanManagementSystem/LoanManagementSystem/ViewModels/ForgotPasswordViewModel.swift /Users/abhinav/Desktop/Amit/LMS/LoanManagementSystem/LoanManagementSystem/ViewModels/SignInViewModel.swift (in target 'LoanManagementSystem' from project 'LoanManagementSystem')

note: Disabling hardened runtime with ad-hoc codesigning. (in target 'LoanManagementSystem' from project 'LoanManagementSystem')
** BUILD FAILED **


The following build commands failed:
	SwiftEmitModule normal arm64 Emitting\ module\ for\ LoanManagementSystem (in target 'LoanManagementSystem' from project 'LoanManagementSystem')
	EmitSwiftModule normal arm64 (in target 'LoanManagementSystem' from project 'LoanManagementSystem')
	Building project LoanManagementSystem with scheme LoanManagementSystem
(3 failures)
